Component: ARM Compiler 5.05 update 1 (build 106) Tool: armlink [4d0efa]

==============================================================================

Section Cross References

    startup_stm32f103xb.o(RESET) refers to startup_stm32f103xb.o(STACK) for __initial_sp
    startup_stm32f103xb.o(RESET) refers to startup_stm32f103xb.o(.text) for Reset_Handler
    startup_stm32f103xb.o(RESET) refers to stm32f1xx_it.o(i.NMI_Handler) for NMI_Handler
    startup_stm32f103xb.o(RESET) refers to stm32f1xx_it.o(i.HardFault_Handler) for HardFault_Handler
    startup_stm32f103xb.o(RESET) refers to stm32f1xx_it.o(i.MemManage_Handler) for MemManage_Handler
    startup_stm32f103xb.o(RESET) refers to stm32f1xx_it.o(i.BusFault_Handler) for BusFault_Handler
    startup_stm32f103xb.o(RESET) refers to stm32f1xx_it.o(i.UsageFault_Handler) for UsageFault_Handler
    startup_stm32f103xb.o(RESET) refers to stm32f1xx_it.o(i.SVC_Handler) for SVC_Handler
    startup_stm32f103xb.o(RESET) refers to stm32f1xx_it.o(i.DebugMon_Handler) for DebugMon_Handler
    startup_stm32f103xb.o(RESET) refers to stm32f1xx_it.o(i.PendSV_Handler) for PendSV_Handler
    startup_stm32f103xb.o(RESET) refers to stm32f1xx_it.o(i.SysTick_Handler) for SysTick_Handler
    startup_stm32f103xb.o(RESET) refers to stm32f1xx_it.o(i.USART1_IRQHandler) for USART1_IRQHandler
    startup_stm32f103xb.o(RESET) refers to stm32f1xx_it.o(i.USART2_IRQHandler) for USART2_IRQHandler
    startup_stm32f103xb.o(.text) refers to system_stm32f1xx.o(i.SystemInit) for SystemInit
    startup_stm32f103xb.o(.text) refers to entry.o(.ARM.Collect$$$$00000000) for __main
    main.o(i.CmdAnalyzCallback) refers to strstr.o(.text) for strstr
    main.o(i.CmdAnalyzCallback) refers to stm32f1xx_hal.o(i.HAL_Delay) for HAL_Delay
    main.o(i.CmdAnalyzCallback) refers to stm32f1xx_hal_gpio.o(i.HAL_GPIO_WritePin) for HAL_GPIO_WritePin
    main.o(i.CmdAnalyzCallback) refers to printfa.o(i.__0sprintf) for __2sprintf
    main.o(i.CmdAnalyzCallback) refers to stm32f1xx_hal_gpio.o(i.HAL_GPIO_TogglePin) for HAL_GPIO_TogglePin
    main.o(i.CmdAnalyzCallback) refers to stm32f1xx_hal_gpio.o(i.HAL_GPIO_ReadPin) for HAL_GPIO_ReadPin
    main.o(i.CmdAnalyzCallback) refers to stm32f1xx_hal.o(i.HAL_GetTick) for HAL_GetTick
    main.o(i.CmdAnalyzCallback) refers to main.o(i.PublishMsg) for PublishMsg
    main.o(i.CmdAnalyzCallback) refers to main.o(.data) for .data
    main.o(i.GetSubscribeMsgCallback) refers to strstr.o(.text) for strstr
    main.o(i.GetSubscribeMsgCallback) refers to stm32f1xx_hal.o(i.HAL_Delay) for HAL_Delay
    main.o(i.GetSubscribeMsgCallback) refers to main.o(i.CmdAnalyzCallback) for CmdAnalyzCallback
    main.o(i.GetSubscribeMsgCallback) refers to esp8266.o(.bss) for cmdAckStr
    main.o(i.PublishMsg) refers to stm32f1xx_hal.o(i.HAL_Delay) for HAL_Delay
    main.o(i.PublishMsg) refers to dht11.o(i.DHT11_Read_Data) for DHT11_Read_Data
    main.o(i.PublishMsg) refers to bh1750.o(i.Value_GY30) for Value_GY30
    main.o(i.PublishMsg) refers to mq3.o(i.get_MQ_value) for get_MQ_value
    main.o(i.PublishMsg) refers to stm32f1xx_hal_gpio.o(i.HAL_GPIO_WritePin) for HAL_GPIO_WritePin
    main.o(i.PublishMsg) refers to memseta.o(.text) for __aeabi_memclr
    main.o(i.PublishMsg) refers to stm32f1xx_hal_gpio.o(i.HAL_GPIO_ReadPin) for HAL_GPIO_ReadPin
    main.o(i.PublishMsg) refers to f2d.o(.text) for __aeabi_f2d
    main.o(i.PublishMsg) refers to printfa.o(i.__0sprintf) for __2sprintf
    main.o(i.PublishMsg) refers to strlen.o(.text) for strlen
    main.o(i.PublishMsg) refers to esp8266.o(i.Publish) for Publish
    main.o(i.PublishMsg) refers to main.o(.data) for .data
    main.o(i.PublishMsg) refers to main.o(.bss) for .bss
    main.o(i.PublishMsg) refers to main.o(.conststring) for .conststring
    main.o(i.SystemClock_Config) refers to memseta.o(.text) for __aeabi_memclr4
    main.o(i.SystemClock_Config) refers to stm32f1xx_hal_rcc.o(i.HAL_RCC_OscConfig) for HAL_RCC_OscConfig
    main.o(i.SystemClock_Config) refers to stm32f1xx_hal_rcc.o(i.HAL_RCC_ClockConfig) for HAL_RCC_ClockConfig
    main.o(i.USER_UART_IRQHandler) refers to esp8266.o(.data) for esp8266_cnt
    main.o(i.USER_UART_IRQHandler) refers to esp8266.o(.bss) for esp8266_buf
    main.o(i.USER_UART_IRQHandler) refers to main.o(.data) for .data
    main.o(i.fputc) refers to stm32f1xx_hal_uart.o(i.HAL_UART_Transmit) for HAL_UART_Transmit
    main.o(i.fputc) refers to usart.o(.bss) for huart1
    main.o(i.main) refers to stm32f1xx_hal.o(i.HAL_Init) for HAL_Init
    main.o(i.main) refers to main.o(i.SystemClock_Config) for SystemClock_Config
    main.o(i.main) refers to gpio.o(i.MX_GPIO_Init) for MX_GPIO_Init
    main.o(i.main) refers to usart.o(i.MX_USART1_UART_Init) for MX_USART1_UART_Init
    main.o(i.main) refers to usart.o(i.MX_USART2_UART_Init) for MX_USART2_UART_Init
    main.o(i.main) refers to mq3.o(i.MQ_init) for MQ_init
    main.o(i.main) refers to bh1750.o(i.Init_BH1750) for Init_BH1750
[...]
    Removing stm32f1xx_hal_spi.o(i.SPI_RxISR_16BIT), (32 bytes).
    Removing stm32f1xx_hal_spi.o(i.SPI_RxISR_8BIT), (32 bytes).
    Removing stm32f1xx_hal_spi.o(i.SPI_TxISR_16BIT), (32 bytes).
    Removing stm32f1xx_hal_spi.o(i.SPI_TxISR_8BIT), (32 bytes).
    Removing stm32f1xx_hal_spi.o(i.SPI_WaitFlagStateUntilTimeout), (184 bytes).
    Removing stm32f1xx_hal_i2c.o(.rev16_text), (4 bytes).
    Removing stm32f1xx_hal_i2c.o(.revsh_text), (4 bytes).
    Removing stm32f1xx_hal_i2c.o(.rrx_text), (6 bytes).
    Removing stm32f1xx_hal_i2c.o(i.HAL_I2C_AbortCpltCallback), (2 bytes).
    Removing stm32f1xx_hal_i2c.o(i.HAL_I2C_AddrCallback), (2 bytes).
    Removing stm32f1xx_hal_i2c.o(i.HAL_I2C_DeInit), (50 bytes).
    Removing stm32f1xx_hal_i2c.o(i.HAL_I2C_DisableListen_IT), (68 bytes).
    Removing stm32f1xx_hal_i2c.o(i.HAL_I2C_ER_IRQHandler), (196 bytes).
    Removing stm32f1xx_hal_i2c.o(i.HAL_I2C_EV_IRQHandler), (560 bytes).
    Removing stm32f1xx_hal_i2c.o(i.HAL_I2C_EnableListen_IT), (58 bytes).
    Removing stm32f1xx_hal_i2c.o(i.HAL_I2C_ErrorCallback), (2 bytes).
    Removing stm32f1xx_hal_i2c.o(i.HAL_I2C_GetError), (4 bytes).
    Removing stm32f1xx_hal_i2c.o(i.HAL_I2C_GetMode), (6 bytes).
    Removing stm32f1xx_hal_i2c.o(i.HAL_I2C_GetState), (6 bytes).
    Removing stm32f1xx_hal_i2c.o(i.HAL_I2C_Init), (392 bytes).
    Removing stm32f1xx_hal_i2c.o(i.HAL_I2C_IsDeviceReady), (364 bytes).
    Removing stm32f1xx_hal_i2c.o(i.HAL_I2C_ListenCpltCallback), (2 bytes).
    Removing stm32f1xx_hal_i2c.o(i.HAL_I2C_MasterRxCpltCallback), (2 bytes).
    Removing stm32f1xx_hal_i2c.o(i.HAL_I2C_MasterTxCpltCallback), (2 bytes).
    Removing stm32f1xx_hal_i2c.o(i.HAL_I2C_Master_Abort_IT), (94 bytes).
    Removing stm32f1xx_hal_i2c.o(i.HAL_I2C_Master_Receive), (580 bytes).
    Removing stm32f1xx_hal_i2c.o(i.HAL_I2C_Master_Receive_DMA), (348 bytes).
    Removing stm32f1xx_hal_i2c.o(i.HAL_I2C_Master_Receive_IT), (200 bytes).
    Removing stm32f1xx_hal_i2c.o(i.HAL_I2C_Master_Seq_Receive_DMA), (552 bytes).
    Removing stm32f1xx_hal_i2c.o(i.HAL_I2C_Master_Seq_Receive_IT), (324 bytes).
    Removing stm32f1xx_hal_i2c.o(i.HAL_I2C_Master_Seq_Transmit_DMA), (456 bytes).
    Removing stm32f1xx_hal_i2c.o(i.HAL_I2C_Master_Seq_Transmit_IT), (216 bytes).
    Removing stm32f1xx_hal_i2c.o(i.HAL_I2C_Master_Transmit), (300 bytes).
    Removing stm32f1xx_hal_i2c.o(i.HAL_I2C_Master_Transmit_DMA), (348 bytes).
    Removing stm32f1xx_hal_i2c.o(i.HAL_I2C_Master_Transmit_IT), (188 bytes).
    Removing stm32f1xx_hal_i2c.o(i.HAL_I2C_MemRxCpltCallback), (2 bytes).
    Removing stm32f1xx_hal_i2c.o(i.HAL_I2C_MemTxCpltCallback), (2 bytes).
    Removing stm32f1xx_hal_i2c.o(i.HAL_I2C_Mem_Read), (592 bytes).
    Removing stm32f1xx_hal_i2c.o(i.HAL_I2C_Mem_Read_DMA), (448 bytes).
    Removing stm32f1xx_hal_i2c.o(i.HAL_I2C_Mem_Read_IT), (224 bytes).
    Removing stm32f1xx_hal_i2c.o(i.HAL_I2C_Mem_Write), (304 bytes).
    Removing stm32f1xx_hal_i2c.o(i.HAL_I2C_Mem_Write_DMA), (392 bytes).
    Removing stm32f1xx_hal_i2c.o(i.HAL_I2C_Mem_Write_IT), (212 bytes).
    Removing stm32f1xx_hal_i2c.o(i.HAL_I2C_MspDeInit), (2 bytes).
    Removing stm32f1xx_hal_i2c.o(i.HAL_I2C_MspInit), (2 bytes).
    Removing stm32f1xx_hal_i2c.o(i.HAL_I2C_SlaveRxCpltCallback), (2 bytes).
    Removing stm32f1xx_hal_i2c.o(i.HAL_I2C_SlaveTxCpltCallback), (2 bytes).
    Removing stm32f1xx_hal_i2c.o(i.HAL_I2C_Slave_Receive), (364 bytes).
    Removing stm32f1xx_hal_i2c.o(i.HAL_I2C_Slave_Receive_DMA), (228 bytes).
    Removing stm32f1xx_hal_i2c.o(i.HAL_I2C_Slave_Receive_IT), (124 bytes).
    Removing stm32f1xx_hal_i2c.o(i.HAL_I2C_Slave_Seq_Receive_DMA), (352 bytes).
    Removing stm32f1xx_hal_i2c.o(i.HAL_I2C_Slave_Seq_Receive_IT), (116 bytes).
    Removing stm32f1xx_hal_i2c.o(i.HAL_I2C_Slave_Seq_Transmit_DMA), (352 bytes).
    Removing stm32f1xx_hal_i2c.o(i.HAL_I2C_Slave_Seq_Transmit_IT), (116 bytes).
    Removing stm32f1xx_hal_i2c.o(i.HAL_I2C_Slave_Transmit), (348 bytes).
    Removing stm32f1xx_hal_i2c.o(i.HAL_I2C_Slave_Transmit_DMA), (228 bytes).
    Removing stm32f1xx_hal_i2c.o(i.HAL_I2C_Slave_Transmit_IT), (124 bytes).
    Removing stm32f1xx_hal_i2c.o(i.I2C_DMAAbort), (188 bytes).
    Removing stm32f1xx_hal_i2c.o(i.I2C_DMAError), (54 bytes).
    Removing stm32f1xx_hal_i2c.o(i.I2C_DMAXferCplt), (266 bytes).
    Removing stm32f1xx_hal_i2c.o(i.I2C_ITError), (344 bytes).
    Removing stm32f1xx_hal_i2c.o(i.I2C_IsAcknowledgeFailed), (46 bytes).
    Removing stm32f1xx_hal_i2c.o(i.I2C_MasterReceive_BTF), (210 bytes).
    Removing stm32f1xx_hal_i2c.o(i.I2C_MasterReceive_RXNE), (232 bytes).
    Removing stm32f1xx_hal_i2c.o(i.I2C_MasterRequestRead), (236 bytes).
    Removing stm32f1xx_hal_i2c.o(i.I2C_MasterRequestWrite), (156 bytes).
    Removing stm32f1xx_hal_i2c.o(i.I2C_MasterTransmit_BTF), (130 bytes).
    Removing stm32f1xx_hal_i2c.o(i.I2C_MasterTransmit_TXE), (182 bytes).
    Removing stm32f1xx_hal_i2c.o(i.I2C_Master_ADDR), (344 bytes).
    Removing stm32f1xx_hal_i2c.o(i.I2C_Master_SB), (140 bytes).
    Removing stm32f1xx_hal_i2c.o(i.I2C_MemoryTransmit_TXE_BTF), (160 bytes).
    Removing stm32f1xx_hal_i2c.o(i.I2C_RequestMemoryRead), (252 bytes).
    Removing stm32f1xx_hal_i2c.o(i.I2C_RequestMemoryWrite), (168 bytes).
    Removing stm32f1xx_hal_i2c.o(i.I2C_Slave_ADDR), (70 bytes).
    Removing stm32f1xx_hal_i2c.o(i.I2C_Slave_AF), (132 bytes).
    Removing stm32f1xx_hal_i2c.o(i.I2C_Slave_STOPF), (348 bytes).
    Removing stm32f1xx_hal_i2c.o(i.I2C_WaitOnBTFFlagUntilTimeout), (76 bytes).
    Removing stm32f1xx_hal_i2c.o(i.I2C_WaitOnFlagUntilTimeout), (104 bytes).
    Removing stm32f1xx_hal_i2c.o(i.I2C_WaitOnMasterAddressFlagUntilTimeout), (150 bytes).
    Removing stm32f1xx_hal_i2c.o(i.I2C_WaitOnRXNEFlagUntilTimeout), (102 bytes).
    Removing stm32f1xx_hal_i2c.o(i.I2C_WaitOnTXEFlagUntilTimeout), (76 bytes).
    Removing system_stm32f1xx.o(.rev16_text), (4 bytes).
    Removing system_stm32f1xx.o(.revsh_text), (4 bytes).
    Removing system_stm32f1xx.o(.rrx_text), (6 bytes).
    Removing system_stm32f1xx.o(i.SystemCoreClockUpdate), (104 bytes).
    Removing esp8266.o(.rev16_text), (4 bytes).
    Removing esp8266.o(.revsh_text), (4 bytes).
    Removing esp8266.o(.rrx_text), (6 bytes).
    Removing esp8266.o(i.CmdAnalyzCallback), (16 bytes).
    Removing esp8266.o(i.Disconnect), (68 bytes).
    Removing esp8266.o(i.GetSubscribeMsgCallback), (10 bytes).
    Removing esp8266.o(i.Unsubscribe), (236 bytes).
    Removing dht11.o(.rev16_text), (4 bytes).
    Removing dht11.o(.revsh_text), (4 bytes).
    Removing dht11.o(.rrx_text), (6 bytes).
    Removing bh1750.o(.rev16_text), (4 bytes).
    Removing bh1750.o(.revsh_text), (4 bytes).
    Removing bh1750.o(.rrx_text), (6 bytes).
    Removing adc.o(.rev16_text), (4 bytes).
    Removing adc.o(.revsh_text), (4 bytes).
    Removing adc.o(.rrx_text), (6 bytes).
    Removing mq3.o(.rev16_text), (4 bytes).
    Removing mq3.o(.revsh_text), (4 bytes).
    Removing mq3.o(.rrx_text), (6 bytes).
    Removing oled.o(.rev16_text), (4 bytes).
    Removing oled.o(.revsh_text), (4 bytes).
    Removing oled.o(.rrx_text), (6 bytes).
    Removing oled.o(i.OLED_Clear), (52 bytes).
    Removing oled.o(i.OLED_Display_Off), (24 bytes).
    Removing oled.o(i.OLED_Display_On), (24 bytes).
    Removing oled.o(i.OLED_Init), (16 bytes).
    Removing oled.o(i.OLED_On), (52 bytes).
    Removing oled.o(i.OLED_Set_Pos), (34 bytes).
    Removing oled.o(i.OLED_ShowCHinese), (80 bytes).
    Removing oled.o(i.OLED_ShowChar), (136 bytes).
    Removing oled.o(i.OLED_ShowNum), (106 bytes).
    Removing oled.o(i.OLED_ShowString), (54 bytes).
    Removing oled.o(i.OLED_WR_CMD), (36 bytes).
    Removing oled.o(i.OLED_WR_DATA), (36 bytes).
    Removing oled.o(i.WriteCmd), (52 bytes).
    Removing oled.o(i.oled_pow), (16 bytes).
    Removing oled.o(.constdata), (2072 bytes).
    Removing oled.o(.data), (31 bytes).

449 unused section(s) (total 36851 bytes) removed from the image.

==============================================================================

Image Symbol Table

    Local Symbols

    Symbol Name                              Value     Ov Type        Size  Object(Section)

    ../Drivers/STM32F1xx_HAL_Driver/Src/stm32f1xx_hal.c 0x00000000   Number         0  stm32f1xx_hal.o ABSOLUTE
    ../Drivers/STM32F1xx_HAL_Driver/Src/stm32f1xx_hal_cortex.c 0x00000000   Number         0  stm32f1xx_hal_cortex.o ABSOLUTE
    ../Drivers/STM32F1xx_HAL_Driver/Src/stm32f1xx_hal_dma.c 0x00000000   Number         0  stm32f1xx_hal_dma.o ABSOLUTE
    ../Drivers/STM32F1xx_HAL_Driver/Src/stm32f1xx_hal_exti.c 0x00000000   Number         0  stm32f1xx_hal_exti.o ABSOLUTE
    ../Drivers/STM32F1xx_HAL_Driver/Src/stm32f1xx_hal_flash.c 0x00000000   Number         0  stm32f1xx_hal_flash.o ABSOLUTE
    ../Drivers/STM32F1xx_HAL_Driver/Src/stm32f1xx_hal_flash_ex.c 0x00000000   Number         0  stm32f1xx_hal_flash_ex.o ABSOLUTE
    ../Drivers/STM32F1xx_HAL_Driver/Src/stm32f1xx_hal_gpio.c 0x00000000   Number         0  stm32f1xx_hal_gpio.o ABSOLUTE
    ../Drivers/STM32F1xx_HAL_Driver/Src/stm32f1xx_hal_gpio_ex.c 0x00000000   Number         0  stm32f1xx_hal_gpio_ex.o ABSOLUTE
    ../Drivers/STM32F1xx_HAL_Driver/Src/stm32f1xx_hal_pwr.c 0x00000000   Number         0  stm32f1xx_hal_pwr.o ABSOLUTE
    ../Drivers/STM32F1xx_HAL_Driver/Src/stm32f1xx_hal_rcc.c 0x00000000   Number         0  stm32f1xx_hal_rcc.o ABSOLUTE
    ../Drivers/STM32F1xx_HAL_Driver/Src/stm32f1xx_hal_rcc_ex.c 0x00000000   Number         0  stm32f1xx_hal_rcc_ex.o ABSOLUTE
    ../Drivers/STM32F1xx_HAL_Driver/Src/stm32f1xx_hal_tim.c 0x00000000   Number         0  stm32f1xx_hal_tim.o ABSOLUTE
    ../Drivers/STM32F1xx_HAL_Driver/Src/stm32f1xx_hal_tim_ex.c 0x00000000   Number         0  stm32f1xx_hal_tim_ex.o ABSOLUTE
    ../Drivers/STM32F1xx_HAL_Driver/Src/stm32f1xx_hal_uart.c 0x00000000   Number         0  stm32f1xx_hal_uart.o ABSOLUTE
    ../Src/gpio.c                            0x00000000   Number         0  gpio.o ABSOLUTE
    ../Src/main.c                            0x00000000   Number         0  main.o ABSOLUTE
    ../Src/stm32f1xx_hal_msp.c               0x00000000   Number         0  stm32f1xx_hal_msp.o ABSOLUTE
    ../Src/stm32f1xx_it.c                    0x00000000   Number         0  stm32f1xx_it.o ABSOLUTE
    ../Src/system_stm32f1xx.c                0x00000000   Number         0  system_stm32f1xx.o ABSOLUTE
    ../Src/usart.c                           0x00000000   Number         0  usart.o ABSOLUTE
    ../clib/microlib/division.c              0x00000000   Number         0  uidiv.o ABSOLUTE
    ../clib/microlib/division.c              0x00000000   Number         0  uldiv.o ABSOLUTE
    ../clib/microlib/init/entry.s            0x00000000   Number         0  entry5.o ABSOLUTE
    ../clib/microlib/init/entry.s            0x00000000   Number         0  entry11a.o ABSOLUTE
    ../clib/microlib/init/entry.s            0x00000000   Number         0  entry.o ABSOLUTE
    ../clib/microlib/init/entry.s            0x00000000   Number         0  entry10b.o ABSOLUTE
    ../clib/microlib/init/entry.s            0x00000000   Number         0  entry10a.o ABSOLUTE
    ../clib/microlib/init/entry.s            0x00000000   Number         0  entry9b.o ABSOLUTE
    ../clib/microlib/init/entry.s            0x00000000   Number         0  entry9a.o ABSOLUTE
    ../clib/microlib/init/entry.s            0x00000000   Number         0  entry8a.o ABSOLUTE
    ../clib/microlib/init/entry.s            0x00000000   Number         0  entry7b.o ABSOLUTE
    ../clib/microlib/init/entry.s            0x00000000   Number         0  entry11b.o ABSOLUTE
    ../clib/microlib/init/entry.s            0x00000000   Number         0  entry7a.o ABSOLUTE
    ../clib/microlib/init/entry.s            0x00000000   Number         0  entry8b.o ABSOLUTE
    ../clib/microlib/init/entry.s            0x00000000   Number         0  entry2.o ABSOLUTE
    ../clib/microlib/longlong.c              0x00000000   Number         0  llsshr.o ABSOLUTE
    ../clib/microlib/longlong.c              0x00000000   Number         0  llshl.o ABSOLUTE
    ../clib/microlib/longlong.c              0x00000000   Number         0  llushr.o ABSOLUTE
    ../clib/microlib/printf/printf.c         0x00000000   Number         0  printf4.o ABSOLUTE
    ../clib/microlib/printf/printf.c         0x00000000   Number         0  printf3.o ABSOLUTE
    ../clib/microlib/printf/printf.c         0x00000000   Number         0  printfa.o ABSOLUTE
    ../clib/microlib/printf/printf.c         0x00000000   Number         0  printf5.o ABSOLUTE
    ../clib/microlib/printf/printf.c         0x00000000   Number         0  printf1.o ABSOLUTE
    ../clib/microlib/printf/printf.c         0x00000000   Number         0  printf8.o ABSOLUTE
    ../clib/microlib/printf/printf.c         0x00000000   Number         0  printf6.o ABSOLUTE
    ../clib/microlib/printf/printf.c         0x00000000   Number         0  printf7.o ABSOLUTE
    ../clib/microlib/printf/printf.c         0x00000000   Number         0  printfb.o ABSOLUTE
    ../clib/microlib/printf/printf.c         0x00000000   Number         0  printf0.o ABSOLUTE
    ../clib/microlib/printf/printf.c         0x00000000   Number         0  printf2.o ABSOLUTE
    ../clib/microlib/printf/stubs.s          0x00000000   Number         0  stubs.o ABSOLUTE
    ../clib/microlib/stdio/streams.c         0x00000000   Number         0  stdout.o ABSOLUTE
    ../clib/microlib/string/memcpy.c         0x00000000   Number         0  memcpya.o ABSOLUTE
    ../clib/microlib/string/memcpy.c         0x00000000   Number         0  memcpyb.o ABSOLUTE
    ../clib/microlib/string/memset.c         0x00000000   Number         0  memseta.o ABSOLUTE
    ../clib/microlib/string/strcmp.c         0x00000000   Number         0  strcmp.o ABSOLUTE
    ../clib/microlib/string/strlen.c         0x00000000   Number         0  strlen.o ABSOLUTE
    ../clib/microlib/string/strstr.c         0x00000000   Number         0  strstr.o ABSOLUTE
    ../clib/microlib/stubs.s                 0x00000000   Number         0  iusefp.o ABSOLUTE
    ../fplib/microlib/d2f.c                  0x00000000   Number         0  d2f.o ABSOLUTE
    ../fplib/microlib/f2d.c                  0x00000000   Number         0  f2d.o ABSOLUTE
    ../fplib/microlib/fpadd.c                0x00000000   Number         0  fadd.o ABSOLUTE
    ../fplib/microlib/fpadd.c                0x00000000   Number         0  dadd.o ABSOLUTE
    ../fplib/microlib/fpdiv.c                0x00000000   Number         0  ddiv.o ABSOLUTE
    ../fplib/microlib/fpepilogue.c           0x00000000   Number         0  depilogue.o ABSOLUTE
    ../fplib/microlib/fpepilogue.c           0x00000000   Number         0  fepilogue.o ABSOLUTE
    ../fplib/microlib/fpfix.c                0x00000000   Number         0  dfixul.o ABSOLUTE
    ../fplib/microlib/fpfix.c                0x00000000   Number         0  ffixui.o ABSOLUTE
    ../fplib/microlib/fpfix.c                0x00000000   Number         0  dfixui.o ABSOLUTE
    ../fplib/microlib/fpflt.c                0x00000000   Number         0  dfltui.o ABSOLUTE
    ../fplib/microlib/fpflt.c                0x00000000   Number         0  ffltui.o ABSOLUTE
    ../fplib/microlib/fpmul.c                0x00000000   Number         0  dmul.o ABSOLUTE
    ../fplib/microlib/fpmul.c                0x00000000   Number         0  fmul.o ABSOLUTE
    ..\Drivers\STM32F1xx_HAL_Driver\Src\stm32f1xx_hal.c 0x00000000   Number         0  stm32f1xx_hal.o ABSOLUTE
    ..\Drivers\STM32F1xx_HAL_Driver\Src\stm32f1xx_hal_adc.c 0x00000000   Number         0  stm32f1xx_hal_adc.o ABSOLUTE
    ..\Drivers\STM32F1xx_HAL_Driver\Src\stm32f1xx_hal_adc_ex.c 0x00000000   Number         0  stm32f1xx_hal_adc_ex.o ABSOLUTE
    ..\Drivers\STM32F1xx_HAL_Driver\Src\stm32f1xx_hal_cortex.c 0x00000000   Number         0  stm32f1xx_hal_cortex.o ABSOLUTE
    ..\Drivers\STM32F1xx_HAL_Driver\Src\stm32f1xx_hal_dma.c 0x00000000   Number         0  stm32f1xx_hal_dma.o ABSOLUTE
    ..\Drivers\STM32F1xx_HAL_Driver\Src\stm32f1xx_hal_exti.c 0x00000000   Number         0  stm32f1xx_hal_exti.o ABSOLUTE
    ..\Drivers\STM32F1xx_HAL_Driver\Src\stm32f1xx_hal_flash.c 0x00000000   Number         0  stm32f1xx_hal_flash.o ABSOLUTE
    ..\Drivers\STM32F1xx_HAL_Driver\Src\stm32f1xx_hal_flash_ex.c 0x00000000   Number         0  stm32f1xx_hal_flash_ex.o ABSOLUTE
    ..\Drivers\STM32F1xx_HAL_Driver\Src\stm32f1xx_hal_gpio.c 0x00000000   Number         0  stm32f1xx_hal_gpio.o ABSOLUTE
    ..\Drivers\STM32F1xx_HAL_Driver\Src\stm32f1xx_hal_gpio_ex.c 0x00000000   Number         0  stm32f1xx_hal_gpio_ex.o ABSOLUTE
    ..\Drivers\STM32F1xx_HAL_Driver\Src\stm32f1xx_hal_i2c.c 0x00000000   Number         0  stm32f1xx_hal_i2c.o ABSOLUTE
    ..\Drivers\STM32F1xx_HAL_Driver\Src\stm32f1xx_hal_pwr.c 0x00000000   Number         0  stm32f1xx_hal_pwr.o ABSOLUTE
    ..\Drivers\STM32F1xx_HAL_Driver\Src\stm32f1xx_hal_rcc.c 0x00000000   Number         0  stm32f1xx_hal_rcc.o ABSOLUTE
    ..\Drivers\STM32F1xx_HAL_Driver\Src\stm32f1xx_hal_rcc_ex.c 0x00000000   Number         0  stm32f1xx_hal_rcc_ex.o ABSOLUTE
    ..\Drivers\STM32F1xx_HAL_Driver\Src\stm32f1xx_hal_spi.c 0x00000000   Number         0  stm32f1xx_hal_spi.o ABSOLUTE
    ..\Drivers\STM32F1xx_HAL_Driver\Src\stm32f1xx_hal_tim.c 0x00000000   Number         0  stm32f1xx_hal_tim.o ABSOLUTE
    ..\Drivers\STM32F1xx_HAL_Driver\Src\stm32f1xx_hal_tim_ex.c 0x00000000   Number         0  stm32f1xx_hal_tim_ex.o ABSOLUTE
    ..\Drivers\STM32F1xx_HAL_Driver\Src\stm32f1xx_hal_uart.c 0x00000000   Number         0  stm32f1xx_hal_uart.o ABSOLUTE
    ..\MQ3\MQ3.c                             0x00000000   Number         0  mq3.o ABSOLUTE
    ..\MQ3\adc.c                             0x00000000   Number         0  adc.o ABSOLUTE
    ..\Src\gpio.c                            0x00000000   Number         0  gpio.o ABSOLUTE
    ..\Src\i2c.c                             0x00000000   Number         0  i2c.o ABSOLUTE
    ..\Src\main.c                            0x00000000   Number         0  main.o ABSOLUTE
    ..\Src\spi.c                             0x00000000   Number         0  spi.o ABSOLUTE
    ..\Src\stm32f1xx_hal_msp.c               0x00000000   Number         0  stm32f1xx_hal_msp.o ABSOLUTE
    ..\Src\stm32f1xx_it.c                    0x00000000   Number         0  stm32f1xx_it.o ABSOLUTE
    ..\Src\system_stm32f1xx.c                0x00000000   Number         0  system_stm32f1xx.o ABSOLUTE
    ..\Src\usart.c                           0x00000000   Number         0  usart.o ABSOLUTE
    ..\\Drivers\\STM32F1xx_HAL_Driver\\Src\\stm32f1xx_hal_adc.c 0x00000000   Number         0  stm32f1xx_hal_adc.o ABSOLUTE
    ..\\Drivers\\STM32F1xx_HAL_Driver\\Src\\stm32f1xx_hal_adc_ex.c 0x00000000   Number         0  stm32f1xx_hal_adc_ex.o ABSOLUTE
    ..\\Drivers\\STM32F1xx_HAL_Driver\\Src\\stm32f1xx_hal_i2c.c 0x00000000   Number         0  stm32f1xx_hal_i2c.o ABSOLUTE
    ..\\Drivers\\STM32F1xx_HAL_Driver\\Src\\stm32f1xx_hal_spi.c 0x00000000   Number         0  stm32f1xx_hal_spi.o ABSOLUTE
    ..\\MQ3\\MQ3.c                           0x00000000   Number         0  mq3.o ABSOLUTE
    ..\\MQ3\\adc.c                           0x00000000   Number         0  adc.o ABSOLUTE
    ..\\Src\\i2c.c                           0x00000000   Number         0  i2c.o ABSOLUTE
    ..\\Src\\spi.c                           0x00000000   Number         0  spi.o ABSOLUTE
    ..\\bh1750\\bh1750.c                     0x00000000   Number         0  bh1750.o ABSOLUTE
    ..\\dht11\\dht11.c                       0x00000000   Number         0  dht11.o ABSOLUTE
    ..\\esp8266\\esp8266.c                   0x00000000   Number         0  esp8266.o ABSOLUTE
    ..\\led\\oled.c                          0x00000000   Number         0  oled.o ABSOLUTE
    ..\bh1750\bh1750.c                       0x00000000   Number         0  bh1750.o ABSOLUTE
    ..\dht11\dht11.c                         0x00000000   Number         0  dht11.o ABSOLUTE
    ..\esp8266\esp8266.c                     0x00000000   Number         0  esp8266.o ABSOLUTE
    ..\led\oled.c                            0x00000000   Number         0  oled.o ABSOLUTE
    cdrcmple.s                               0x00000000   Number         0  cdrcmple.o ABSOLUTE
    dc.s                                     0x00000000   Number         0  dc.o ABSOLUTE
    handlers.s                               0x00000000   Number         0  handlers.o ABSOLUTE
    init.s                                   0x00000000   Number         0  init.o ABSOLUTE
    startup_stm32f103xb.s                    0x00000000   Number         0  startup_stm32f103xb.o ABSOLUTE
    RESET                                    0x08000000   Section      236  startup_stm32f103xb.o(RESET)
    .ARM.Collect$$$$00000000                 0x080000ec   Section        0  entry.o(.ARM.Collect$$$$00000000)
    .ARM.Collect$$$$00000001                 0x080000ec   Section        4  entry2.o(.ARM.Collect$$$$00000001)
    .ARM.Collect$$$$00000004                 0x080000f0   Section        4  entry5.o(.ARM.Collect$$$$00000004)
    .ARM.Collect$$$$00000008                 0x080000f4   Section        0  entry7b.o(.ARM.Collect$$$$00000008)
    .ARM.Collect$$$$0000000A                 0x080000f4   Section        0  entry8b.o(.ARM.Collect$$$$0000000A)
    .ARM.Collect$$$$0000000B                 0x080000f4   Section        8  entry9a.o(.ARM.Collect$$$$0000000B)
    .ARM.Collect$$$$0000000D                 0x080000fc   Section        0  entry10a.o(.ARM.Collect$$$$0000000D)
    .ARM.Collect$$$$0000000F                 0x080000fc   Section        0  entry11a.o(.ARM.Collect$$$$0000000F)
    .ARM.Collect$$$$00002712                 0x080000fc   Section        4  entry2.o(.ARM.Collect$$$$00002712)
    __lit__00000000                          0x080000fc   Data           4  entry2.o(.ARM.Collect$$$$00002712)
    .text                                    0x08000100   Section       36  startup_stm32f103xb.o(.text)
    .text                                    0x08000124   Section        0  llushr.o(.text)
    .text                                    0x08000144   Section        0  memcpya.o(.text)
    .text                                    0x08000168   Section        0  memseta.o(.text)
    .text                                    0x0800018c   Section        0  strstr.o(.text)
    .text                                    0x080001b0   Section        0  strlen.o(.text)
    .text                                    0x080001be   Section        0  strcmp.o(.text)
    .text                                    0x080001da   Section        0  fadd.o(.text)
    .text                                    0x0800028a   Section        0  fmul.o(.text)
    .text                                    0x080002ee   Section        0  dmul.o(.text)
    .text                                    0x080003d2   Section        0  ddiv.o(.text)
    .text                                    0x080004b0   Section        0  ffltui.o(.text)
    .text                                    0x080004ba   Section        0  dfltui.o(.text)
    .text                                    0x080004d4   Section        0  ffixui.o(.text)
    .text                                    0x080004fc   Section        0  dfixui.o(.text)
    .text                                    0x0800052e   Section        0  f2d.o(.text)
    .text                                    0x08000554   Section        0  d2f.o(.text)
    .text                                    0x0800058c   Section        0  uidiv.o(.text)
    .text                                    0x080005b8   Section        0  uldiv.o(.text)
    .text                                    0x0800061a   Section        0  fepilogue.o(.text)
    .text                                    0x0800061a   Section        0  iusefp.o(.text)
    .text                                    0x08000688   Section        0  depilogue.o(.text)
    .text                                    0x08000742   Section        0  dadd.o(.text)
    .text                                    0x08000890   Section        0  dfixul.o(.text)
    .text                                    0x080008c0   Section       48  cdrcmple.o(.text)
    .text                                    0x080008f0   Section       36  init.o(.text)
    .text                                    0x08000914   Section        0  llshl.o(.text)
    .text                                    0x08000932   Section        0  llsshr.o(.text)
    i.ADC_ConversionStop_Disable             0x08000958   Section        0  stm32f1xx_hal_adc.o(i.ADC_ConversionStop_Disable)
    i.ADC_Enable                             0x080009b0   Section        0  stm32f1xx_hal_adc.o(i.ADC_Enable)
    i.Assign_DataPin                         0x08000a2c   Section        0  dht11.o(i.Assign_DataPin)
    i.Assign_delayUsPara                     0x08000a4c   Section        0  dht11.o(i.Assign_delayUsPara)
    i.Authenticate                           0x08000a5c   Section        0  esp8266.o(i.Authenticate)
    i.BH1750_RecvACK                         0x08000bc4   Section        0  bh1750.o(i.BH1750_RecvACK)
    i.BH1750_RecvByte                        0x08000c34   Section        0  bh1750.o(i.BH1750_RecvByte)
    i.BH1750_SendACK                         0x08000cb8   Section        0  bh1750.o(i.BH1750_SendACK)
    i.BH1750_SendByte                        0x08000d14   Section        0  bh1750.o(i.BH1750_SendByte)
    i.BH1750_Start                           0x08000d70   Section        0  bh1750.o(i.BH1750_Start)
    i.BH1750_Stop                            0x08000db4   Section        0  bh1750.o(i.BH1750_Stop)
    i.BusFault_Handler                       0x08000df0   Section        0  stm32f1xx_it.o(i.BusFault_Handler)
    i.CmdAnalyz                              0x08000df4   Section        0  esp8266.o(i.CmdAnalyz)
    i.CmdAnalyzCallback                      0x08000f40   Section        0  main.o(i.CmdAnalyzCallback)
    i.DHT11_Check                            0x08001244   Section        0  dht11.o(i.DHT11_Check)
    i.DHT11_Init                             0x080012c4   Section        0  dht11.o(i.DHT11_Init)
    i.DHT11_Read_Bit                         0x0800136c   Section        0  dht11.o(i.DHT11_Read_Bit)
    i.DHT11_Read_Byte                        0x080013cc   Section        0  dht11.o(i.DHT11_Read_Byte)
    i.DHT11_Read_Data                        0x080013e8   Section        0  dht11.o(i.DHT11_Read_Data)
    i.DHT11_Rst                              0x08001444   Section        0  dht11.o(i.DHT11_Rst)
    i.DebugMon_Handler                       0x08001488   Section        0  stm32f1xx_it.o(i.DebugMon_Handler)
    i.Delay_mms                              0x0800148a   Section        0  bh1750.o(i.Delay_mms)
    i.ESP8266_Clear                          0x080014a0   Section        0  esp8266.o(i.ESP8266_Clear)
    i.ESP8266_Init                           0x080014bc   Section        0  esp8266.o(i.ESP8266_Init)
    i.ESP8266_SendCmd                        0x0800170c   Section        0  esp8266.o(i.ESP8266_SendCmd)
    i.ESP8266_SendData                       0x0800175c   Section        0  esp8266.o(i.ESP8266_SendData)
    i.Error_Handler                          0x080017e4   Section        0  main.o(i.Error_Handler)
    i.GetSubscribeMsgCallback                0x080017e8   Section        0  main.o(i.GetSubscribeMsgCallback)
    i.HAL_ADCEx_Calibration_Start            0x08001814   Section        0  stm32f1xx_hal_adc_ex.o(i.HAL_ADCEx_Calibration_Start)
    i.HAL_ADC_ConfigChannel                  0x080018ec   Section        0  stm32f1xx_hal_adc.o(i.HAL_ADC_ConfigChannel)
    i.HAL_ADC_GetValue                       0x080019e8   Section        0  stm32f1xx_hal_adc.o(i.HAL_ADC_GetValue)
    i.HAL_ADC_Init                           0x080019f0   Section        0  stm32f1xx_hal_adc.o(i.HAL_ADC_Init)
    i.HAL_ADC_MspInit                        0x08001b0c   Section        0  adc.o(i.HAL_ADC_MspInit)
    i.HAL_ADC_PollForConversion              0x08001b70   Section        0  stm32f1xx_hal_adc.o(i.HAL_ADC_PollForConversion)
    i.HAL_ADC_Start                          0x08001cac   Section        0  stm32f1xx_hal_adc.o(i.HAL_ADC_Start)
    i.HAL_DMA_Abort                          0x08001d6c   Section        0  stm32f1xx_hal_dma.o(i.HAL_DMA_Abort)
    i.HAL_DMA_Abort_IT                       0x08001db4   Section        0  stm32f1xx_hal_dma.o(i.HAL_DMA_Abort_IT)
    i.HAL_Delay                              0x08001e4c   Section        0  stm32f1xx_hal.o(i.HAL_Delay)
    i.HAL_GPIO_Init                          0x08001e70   Section        0  stm32f1xx_hal_gpio.o(i.HAL_GPIO_Init)
    i.HAL_GPIO_ReadPin                       0x08002050   Section        0  stm32f1xx_hal_gpio.o(i.HAL_GPIO_ReadPin)
    i.HAL_GPIO_TogglePin                     0x0800205a   Section        0  stm32f1xx_hal_gpio.o(i.HAL_GPIO_TogglePin)
    i.HAL_GPIO_WritePin                      0x0800206a   Section        0  stm32f1xx_hal_gpio.o(i.HAL_GPIO_WritePin)
    i.HAL_GetTick                            0x08002074   Section        0  stm32f1xx_hal.o(i.HAL_GetTick)
    i.HAL_IncTick                            0x08002080   Section        0  stm32f1xx_hal.o(i.HAL_IncTick)
    i.HAL_Init                               0x08002090   Section        0  stm32f1xx_hal.o(i.HAL_Init)
    i.HAL_InitTick                           0x080020b4   Section        0  stm32f1xx_hal.o(i.HAL_InitTick)
    i.HAL_MspInit                            0x080020f4   Section        0  stm32f1xx_hal_msp.o(i.HAL_MspInit)
    i.HAL_NVIC_EnableIRQ                     0x08002130   Section        0  stm32f1xx_hal_cortex.o(i.HAL_NVIC_EnableIRQ)
    i.HAL_NVIC_SetPriority                   0x0800214c   Section        0  stm32f1xx_hal_cortex.o(i.HAL_NVIC_SetPriority)
    i.HAL_NVIC_SetPriorityGrouping           0x0800218c   Section        0  stm32f1xx_hal_cortex.o(i.HAL_NVIC_SetPriorityGrouping)
    i.HAL_NVIC_SystemReset                   0x080021b0   Section        0  stm32f1xx_hal_cortex.o(i.HAL_NVIC_SystemReset)
    i.HAL_RCCEx_GetPeriphCLKFreq             0x080021d4   Section        0  stm32f1xx_hal_rcc_ex.o(i.HAL_RCCEx_GetPeriphCLKFreq)
    i.HAL_RCCEx_PeriphCLKConfig              0x0800229c   Section        0  stm32f1xx_hal_rcc_ex.o(i.HAL_RCCEx_PeriphCLKConfig)
    i.HAL_RCC_ClockConfig                    0x08002388   Section        0  stm32f1xx_hal_rcc.o(i.HAL_RCC_ClockConfig)
    i.HAL_RCC_GetPCLK1Freq                   0x080024b4   Section        0  stm32f1xx_hal_rcc.o(i.HAL_RCC_GetPCLK1Freq)
    i.HAL_RCC_GetPCLK2Freq                   0x080024d4   Section        0  stm32f1xx_hal_rcc.o(i.HAL_RCC_GetPCLK2Freq)
    i.HAL_RCC_GetSysClockFreq                0x080024f4   Section        0  stm32f1xx_hal_rcc.o(i.HAL_RCC_GetSysClockFreq)
    i.HAL_RCC_OscConfig                      0x08002560   Section        0  stm32f1xx_hal_rcc.o(i.HAL_RCC_OscConfig)
    i.HAL_SYSTICK_Config                     0x08002880   Section        0  stm32f1xx_hal_cortex.o(i.HAL_SYSTICK_Config)
    i.HAL_UARTEx_RxEventCallback             0x080028a8   Section        0  stm32f1xx_hal_uart.o(i.HAL_UARTEx_RxEventCallback)
    i.HAL_UART_ErrorCallback                 0x080028aa   Section        0  stm32f1xx_hal_uart.o(i.HAL_UART_ErrorCallback)
    i.HAL_UART_IRQHandler                    0x080028ac   Section        0  stm32f1xx_hal_uart.o(i.HAL_UART_IRQHandler)
    i.HAL_UART_Init                          0x08002ab8   Section        0  stm32f1xx_hal_uart.o(i.HAL_UART_Init)
    i.HAL_UART_MspInit                       0x08002b1c   Section        0  usart.o(i.HAL_UART_MspInit)
    i.HAL_UART_RxCpltCallback                0x08002bf4   Section        0  stm32f1xx_hal_uart.o(i.HAL_UART_RxCpltCallback)
    i.HAL_UART_Transmit                      0x08002bf8   Section        0  stm32f1xx_hal_uart.o(i.HAL_UART_Transmit)
    i.HAL_UART_TxCpltCallback                0x08002caa   Section        0  stm32f1xx_hal_uart.o(i.HAL_UART_TxCpltCallback)
    i.HardFault_Handler                      0x08002cac   Section        0  stm32f1xx_it.o(i.HardFault_Handler)
    i.Init_BH1750                            0x08002cae   Section        0  bh1750.o(i.Init_BH1750)
    i.KeepAlive                              0x08002cc8   Section        0  esp8266.o(i.KeepAlive)
    i.MQ_init                                0x08002d60   Section        0  mq3.o(i.MQ_init)
    i.MX_GPIO_Init                           0x08002d64   Section        0  gpio.o(i.MX_GPIO_Init)
    i.MX_USART1_UART_Init                    0x08002e0c   Section        0  usart.o(i.MX_USART1_UART_Init)
    i.MX_USART2_UART_Init                    0x08002e44   Section        0  usart.o(i.MX_USART2_UART_Init)
    i.MemManage_Handler                      0x08002e7c   Section        0  stm32f1xx_it.o(i.MemManage_Handler)
    i.NMI_Handler                            0x08002e7e   Section        0  stm32f1xx_it.o(i.NMI_Handler)
    i.PendSV_Handler                         0x08002e80   Section        0  stm32f1xx_it.o(i.PendSV_Handler)
    i.Publish                                0x08002e84   Section        0  esp8266.o(i.Publish)
    i.PublishMsg                             0x08002f4c   Section        0  main.o(i.PublishMsg)
    i.SVC_Handler                            0x08003088   Section        0  stm32f1xx_it.o(i.SVC_Handler)
    i.Single_Write_BH1750                    0x0800308a   Section        0  bh1750.o(i.Single_Write_BH1750)
    i.Subscribe                              0x080030a8   Section        0  esp8266.o(i.Subscribe)
    i.SysTick_Handler                        0x080031a4   Section        0  stm32f1xx_it.o(i.SysTick_Handler)
    i.SystemClock_Config                     0x080031a8   Section        0  main.o(i.SystemClock_Config)
    i.SystemInit                             0x08003206   Section        0  system_stm32f1xx.o(i.SystemInit)
    i.Test_DelayUs_Parameter                 0x08003208   Section        0  dht11.o(i.Test_DelayUs_Parameter)
    i.Transbuf_Clear                         0x08003234   Section        0  esp8266.o(i.Transbuf_Clear)
    i.UART_DMAAbortOnError                   0x08003250   Section        0  stm32f1xx_hal_uart.o(i.UART_DMAAbortOnError)
    UART_DMAAbortOnError                     0x08003251   Thumb Code    16  stm32f1xx_hal_uart.o(i.UART_DMAAbortOnError)
    i.UART_EndRxTransfer                     0x08003260   Section        0  stm32f1xx_hal_uart.o(i.UART_EndRxTransfer)
    UART_EndRxTransfer                       0x08003261   Thumb Code    48  stm32f1xx_hal_uart.o(i.UART_EndRxTransfer)
    i.UART_Receive_IT                        0x08003290   Section        0  stm32f1xx_hal_uart.o(i.UART_Receive_IT)
    UART_Receive_IT                          0x08003291   Thumb Code   182  stm32f1xx_hal_uart.o(i.UART_Receive_IT)
    i.UART_SetConfig                         0x08003348   Section        0  stm32f1xx_hal_uart.o(i.UART_SetConfig)
    UART_SetConfig                           0x08003349   Thumb Code   178  stm32f1xx_hal_uart.o(i.UART_SetConfig)
    i.UART_WaitOnFlagUntilTimeout            0x08003400   Section        0  stm32f1xx_hal_uart.o(i.UART_WaitOnFlagUntilTimeout)
    UART_WaitOnFlagUntilTimeout              0x08003401   Thumb Code   100  stm32f1xx_hal_uart.o(i.UART_WaitOnFlagUntilTimeout)
    i.USART1_IRQHandler                      0x08003464   Section        0  stm32f1xx_it.o(i.USART1_IRQHandler)
    i.USART2_IRQHandler                      0x08003470   Section        0  stm32f1xx_it.o(i.USART2_IRQHandler)
    i.USER_UART_IRQHandler                   0x0800347c   Section        0  main.o(i.USER_UART_IRQHandler)
    i.UartWifi_SendString                    0x080034fc   Section        0  esp8266.o(i.UartWifi_SendString)
    i.UsageFault_Handler                     0x08003510   Section        0  stm32f1xx_it.o(i.UsageFault_Handler)
    i.Value_GY30                             0x08003514   Section        0  bh1750.o(i.Value_GY30)
    i.__0printf                              0x08003558   Section        0  printfa.o(i.__0printf)
    i.__0sprintf                             0x08003578   Section        0  printfa.o(i.__0sprintf)
    i.__NVIC_SetPriority                     0x080035a0   Section        0  stm32f1xx_hal_cortex.o(i.__NVIC_SetPriority)
    __NVIC_SetPriority                       0x080035a1   Thumb Code    32  stm32f1xx_hal_cortex.o(i.__NVIC_SetPriority)
    i.__scatterload_copy                     0x080035c0   Section       14  handlers.o(i.__scatterload_copy)
    i.__scatterload_null                     0x080035ce   Section        2  handlers.o(i.__scatterload_null)
    i.__scatterload_zeroinit                 0x080035d0   Section       14  handlers.o(i.__scatterload_zeroinit)
    i._fp_digits                             0x080035e0   Section        0  printfa.o(i._fp_digits)
    _fp_digits                               0x080035e1   Thumb Code   334  printfa.o(i._fp_digits)
    i._printf_core                           0x08003744   Section        0  printfa.o(i._printf_core)
    _printf_core                             0x08003745   Thumb Code  1744  printfa.o(i._printf_core)
    i._printf_post_padding                   0x08003e20   Section        0  printfa.o(i._printf_post_padding)
    _printf_post_padding                     0x08003e21   Thumb Code    36  printfa.o(i._printf_post_padding)
    i._printf_pre_padding                    0x08003e44   Section        0  printfa.o(i._printf_pre_padding)
    _printf_pre_padding                      0x08003e45   Thumb Code    46  printfa.o(i._printf_pre_padding)
    i._sputc                                 0x08003e72   Section        0  printfa.o(i._sputc)
    _sputc                                   0x08003e73   Thumb Code    10  printfa.o(i._sputc)
    i.adc_get_result                         0x08003e7c   Section        0  adc.o(i.adc_get_result)
    i.adc_init                               0x08003e9c   Section        0  adc.o(i.adc_init)
    i.delay_us                               0x08003edc   Section        0  bh1750.o(i.delay_us)
    i.fputc                                  0x08003f78   Section        0  main.o(i.fputc)
    i.get_MQ_value                           0x08003f90   Section        0  mq3.o(i.get_MQ_value)
    i.main                                   0x08003fd0   Section        0  main.o(i.main)
    i.mread                                  0x08004300   Section        0  bh1750.o(i.mread)
    .constdata                               0x0800433c   Section       60  main.o(.constdata)
    .constdata                               0x08004378   Section       16  system_stm32f1xx.o(.constdata)
    .constdata                               0x08004388   Section        8  system_stm32f1xx.o(.constdata)
    .conststring                             0x08004390   Section       87  main.o(.conststring)
    .data                                    0x20000000   Section       36  main.o(.data)
    .data                                    0x20000024   Section       12  stm32f1xx_hal.o(.data)
    .data                                    0x20000030   Section        4  system_stm32f1xx.o(.data)
    .data                                    0x20000034   Section       20  esp8266.o(.data)
    .data                                    0x20000048   Section       14  dht11.o(.data)
    .data                                    0x20000056   Section        4  bh1750.o(.data)
    .data                                    0x2000005c   Section        4  stdout.o(.data)
    .bss                                     0x20000060   Section      210  main.o(.bss)
    .bss                                     0x20000134   Section      136  usart.o(.bss)
    .bss                                     0x200001bc   Section      692  esp8266.o(.bss)
    .bss                                     0x20000470   Section       16  dht11.o(.bss)
    .bss                                     0x20000480   Section       48  adc.o(.bss)
    STACK                                    0x200004b0   Section     1024  startup_stm32f103xb.o(STACK)

    Global Symbols

    Symbol Name                              Value     Ov Type        Size  Object(Section)

    BuildAttributes$$THM_ISAv4$P$D$K$B$S$PE$A:L22UL41UL21$X:L11$S22US41US21$IEEE1$IW$USESV6$~STKCKD$USESV7$~SHL$OTIME$ROPI$EBA8$MICROLIB$REQ8$PRES8$EABIv2 0x00000000   Number         0  anon$$obj.o ABSOLUTE
    __ARM_use_no_argv                        0x00000000   Number         0  main.o ABSOLUTE
    _printf_a                                0x00000000   Number         0  stubs.o ABSOLUTE
    _printf_c                                0x00000000   Number         0  stubs.o ABSOLUTE
    _printf_charcount                        0x00000000   Number         0  stubs.o ABSOLUTE
    _printf_d                                0x00000000   Number         0  stubs.o ABSOLUTE
    _printf_e                                0x00000000   Number         0  stubs.o ABSOLUTE
    _printf_f                                0x00000000   Number         0  stubs.o ABSOLUTE
    _printf_flags                            0x00000000   Number         0  stubs.o ABSOLUTE
    _printf_fp_dec                           0x00000000   Number         0  stubs.o ABSOLUTE
    _printf_fp_hex                           0x00000000   Number         0  stubs.o ABSOLUTE
    _printf_g                                0x00000000   Number         0  stubs.o ABSOLUTE
    _printf_i                                0x00000000   Number         0  stubs.o ABSOLUTE
    _printf_int_dec                          0x00000000   Number         0  stubs.o ABSOLUTE
    _printf_l                                0x00000000   Number         0  stubs.o ABSOLUTE
    _printf_lc                               0x00000000   Number         0  stubs.o ABSOLUTE
    _printf_ll                               0x00000000   Number         0  stubs.o ABSOLUTE
    _printf_lld                              0x00000000   Number         0  stubs.o ABSOLUTE
    _printf_lli                              0x00000000   Number         0  stubs.o ABSOLUTE
    _printf_llo                              0x00000000   Number         0  stubs.o ABSOLUTE
    _printf_llu                              0x00000000   Number         0  stubs.o ABSOLUTE
    _printf_llx                              0x00000000   Number         0  stubs.o ABSOLUTE
    _printf_longlong_dec                     0x00000000   Number         0  stubs.o ABSOLUTE
    _printf_longlong_hex                     0x00000000   Number         0  stubs.o ABSOLUTE
    _printf_longlong_oct                     0x00000000   Number         0  stubs.o ABSOLUTE
    _printf_ls                               0x00000000   Number         0  stubs.o ABSOLUTE
    _printf_mbtowc                           0x00000000   Number         0  stubs.o ABSOLUTE
    _printf_n                                0x00000000   Number         0  stubs.o ABSOLUTE
    _printf_o                                0x00000000   Number         0  stubs.o ABSOLUTE
    _printf_p                                0x00000000   Number         0  stubs.o ABSOLUTE
    _printf_percent                          0x00000000   Number         0  stubs.o ABSOLUTE
    _printf_pre_padding                      0x00000000   Number         0  stubs.o ABSOLUTE
    _printf_return_value                     0x00000000   Number         0  stubs.o ABSOLUTE
    _printf_s                                0x00000000   Number         0  stubs.o ABSOLUTE
    _printf_sizespec                         0x00000000   Number         0  stubs.o ABSOLUTE
    _printf_str                              0x00000000   Number         0  stubs.o ABSOLUTE
    _printf_truncate_signed                  0x00000000   Number         0  stubs.o ABSOLUTE
    _printf_truncate_unsigned                0x00000000   Number         0  stubs.o ABSOLUTE
    _printf_u                                0x00000000   Number         0  stubs.o ABSOLUTE
    _printf_wc                               0x00000000   Number         0  stubs.o ABSOLUTE
    _printf_wctomb                           0x00000000   Number         0  stubs.o ABSOLUTE
    _printf_widthprec                        0x00000000   Number         0  stubs.o ABSOLUTE
    _printf_x                                0x00000000   Number         0  stubs.o ABSOLUTE
    __cpp_initialize__aeabi_                  - Undefined Weak Reference
    __cxa_finalize                            - Undefined Weak Reference
    __decompress                              - Undefined Weak Reference
    _clock_init                               - Undefined Weak Reference
    _microlib_exit                            - Undefined Weak Reference
    __Vectors_Size                           0x000000ec   Number         0  startup_stm32f103xb.o ABSOLUTE
    __Vectors                                0x08000000   Data           4  startup_stm32f103xb.o(RESET)
    __Vectors_End                            0x080000ec   Data           0  startup_stm32f103xb.o(RESET)
    __main                                   0x080000ed   Thumb Code     0  entry.o(.ARM.Collect$$$$00000000)
    _main_stk                                0x080000ed   Thumb Code     0  entry2.o(.ARM.Collect$$$$00000001)
    _main_scatterload                        0x080000f1   Thumb Code     0  entry5.o(.ARM.Collect$$$$00000004)
    __main_after_scatterload                 0x080000f5   Thumb Code     0  entry5.o(.ARM.Collect$$$$00000004)
    _main_clock                              0x080000f5   Thumb Code     0  entry7b.o(.ARM.Collect$$$$00000008)
    _main_cpp_init                           0x080000f5   Thumb Code     0  entry8b.o(.ARM.Collect$$$$0000000A)
    _main_init                               0x080000f5   Thumb Code     0  entry9a.o(.ARM.Collect$$$$0000000B)
    __rt_final_cpp                           0x080000fd   Thumb Code     0  entry10a.o(.ARM.Collect$$$$0000000D)
    __rt_final_exit                          0x080000fd   Thumb Code     0  entry11a.o(.ARM.Collect$$$$0000000F)
    Reset_Handler                            0x08000101   Thumb Code     8  startup_stm32f103xb.o(.text)
    ADC1_2_IRQHandler                        0x0800011b   Thumb Code     0  startup_stm32f103xb.o(.text)
    CAN1_RX1_IRQHandler                      0x0800011b   Thumb Code     0  startup_stm32f103xb.o(.text)
    CAN1_SCE_IRQHandler                      0x0800011b   Thumb Code     0  startup_stm32f103xb.o(.text)
    DMA1_Channel1_IRQHandler                 0x0800011b   Thumb Code     0  startup_stm32f103xb.o(.text)
    DMA1_Channel2_IRQHandler                 0x0800011b   Thumb Code     0  startup_stm32f103xb.o(.text)
    DMA1_Channel3_IRQHandler                 0x0800011b   Thumb Code     0  startup_stm32f103xb.o(.text)
    DMA1_Channel4_IRQHandler                 0x0800011b   Thumb Code     0  startup_stm32f103xb.o(.text)
    DMA1_Channel5_IRQHandler                 0x0800011b   Thumb Code     0  startup_stm32f103xb.o(.text)
    DMA1_Channel6_IRQHandler                 0x0800011b   Thumb Code     0  startup_stm32f103xb.o(.text)
    DMA1_Channel7_IRQHandler                 0x0800011b   Thumb Code     0  startup_stm32f103xb.o(.text)
    EXTI0_IRQHandler                         0x0800011b   Thumb Code     0  startup_stm32f103xb.o(.text)
    EXTI15_10_IRQHandler                     0x0800011b   Thumb Code     0  startup_stm32f103xb.o(.text)
    EXTI1_IRQHandler                         0x0800011b   Thumb Code     0  startup_stm32f103xb.o(.text)
    EXTI2_IRQHandler                         0x0800011b   Thumb Code     0  startup_stm32f103xb.o(.text)
    EXTI3_IRQHandler                         0x0800011b   Thumb Code     0  startup_stm32f103xb.o(.text)
    EXTI4_IRQHandler                         0x0800011b   Thumb Code     0  startup_stm32f103xb.o(.text)
    EXTI9_5_IRQHandler                       0x0800011b   Thumb Code     0  startup_stm32f103xb.o(.text)
    FLASH_IRQHandler                         0x0800011b   Thumb Code     0  startup_stm32f103xb.o(.text)
    I2C1_ER_IRQHandler                       0x0800011b   Thumb Code     0  startup_stm32f103xb.o(.text)
    I2C1_EV_IRQHandler                       0x0800011b   Thumb Code     0  startup_stm32f103xb.o(.text)
    I2C2_ER_IRQHandler                       0x0800011b   Thumb Code     0  startup_stm32f103xb.o(.text)
    I2C2_EV_IRQHandler                       0x0800011b   Thumb Code     0  startup_stm32f103xb.o(.text)
    PVD_IRQHandler                           0x0800011b   Thumb Code     0  startup_stm32f103xb.o(.text)
    RCC_IRQHandler                           0x0800011b   Thumb Code     0  startup_stm32f103xb.o(.text)
    RTC_Alarm_IRQHandler                     0x0800011b   Thumb Code     0  startup_stm32f103xb.o(.text)
    RTC_IRQHandler                           0x0800011b   Thumb Code     0  startup_stm32f103xb.o(.text)
    SPI1_IRQHandler                          0x0800011b   Thumb Code     0  startup_stm32f103xb.o(.text)
    SPI2_IRQHandler                          0x0800011b   Thumb Code     0  startup_stm32f103xb.o(.text)
    TAMPER_IRQHandler                        0x0800011b   Thumb Code     0  startup_stm32f103xb.o(.text)
    TIM1_BRK_IRQHandler                      0x0800011b   Thumb Code     0  startup_stm32f103xb.o(.text)
    TIM1_CC_IRQHandler                       0x0800011b   Thumb Code     0  startup_stm32f103xb.o(.text)
    TIM1_TRG_COM_IRQHandler                  0x0800011b   Thumb Code     0  startup_stm32f103xb.o(.text)
    TIM1_UP_IRQHandler                       0x0800011b   Thumb Code     0  startup_stm32f103xb.o(.text)
    TIM2_IRQHandler                          0x0800011b   Thumb Code     0  startup_stm32f103xb.o(.text)
    TIM3_IRQHandler                          0x0800011b   Thumb Code     0  startup_stm32f103xb.o(.text)
    TIM4_IRQHandler                          0x0800011b   Thumb Code     0  startup_stm32f103xb.o(.text)
    USART3_IRQHandler                        0x0800011b   Thumb Code     0  startup_stm32f103xb.o(.text)
    USBWakeUp_IRQHandler                     0x0800011b   Thumb Code     0  startup_stm32f103xb.o(.text)
    USB_HP_CAN1_TX_IRQHandler                0x0800011b   Thumb Code     0  startup_stm32f103xb.o(.text)
    USB_LP_CAN1_RX0_IRQHandler               0x0800011b   Thumb Code     0  startup_stm32f103xb.o(.text)
    WWDG_IRQHandler                          0x0800011b   Thumb Code     0  startup_stm32f103xb.o(.text)
    __aeabi_llsr                             0x08000125   Thumb Code    32  llushr.o(.text)
    _ll_ushift_r                             0x08000125   Thumb Code     0  llushr.o(.text)
    __aeabi_memcpy                           0x08000145   Thumb Code    36  memcpya.o(.text)
    __aeabi_memcpy4                          0x08000145   Thumb Code     0  memcpya.o(.text)
    __aeabi_memcpy8                          0x08000145   Thumb Code     0  memcpya.o(.text)
    __aeabi_memset                           0x08000169   Thumb Code    14  memseta.o(.text)
    __aeabi_memset4                          0x08000169   Thumb Code     0  memseta.o(.text)
    __aeabi_memset8                          0x08000169   Thumb Code     0  memseta.o(.text)
    __aeabi_memclr                           0x08000177   Thumb Code     4  memseta.o(.text)
    __aeabi_memclr4                          0x08000177   Thumb Code     0  memseta.o(.text)
    __aeabi_memclr8                          0x08000177   Thumb Code     0  memseta.o(.text)
    _memset$wrapper                          0x0800017b   Thumb Code    18  memseta.o(.text)
    strstr                                   0x0800018d   Thumb Code    36  strstr.o(.text)
    strlen                                   0x080001b1   Thumb Code    14  strlen.o(.text)
    strcmp                                   0x080001bf   Thumb Code    28  strcmp.o(.text)
    __aeabi_fadd                             0x080001db   Thumb Code   164  fadd.o(.text)
    __aeabi_fsub                             0x0800027f   Thumb Code     6  fadd.o(.text)
    __aeabi_frsub                            0x08000285   Thumb Code     6  fadd.o(.text)
    __aeabi_fmul                             0x0800028b   Thumb Code   100  fmul.o(.text)
    __aeabi_dmul                             0x080002ef   Thumb Code   228  dmul.o(.text)
    __aeabi_ddiv                             0x080003d3   Thumb Code   222  ddiv.o(.text)
    __aeabi_ui2f                             0x080004b1   Thumb Code    10  ffltui.o(.text)
    __aeabi_ui2d                             0x080004bb   Thumb Code    26  dfltui.o(.text)
    __aeabi_f2uiz                            0x080004d5   Thumb Code    40  ffixui.o(.text)
    __aeabi_d2uiz                            0x080004fd   Thumb Code    50  dfixui.o(.text)
    __aeabi_f2d                              0x0800052f   Thumb Code    38  f2d.o(.text)
    __aeabi_d2f                              0x08000555   Thumb Code    56  d2f.o(.text)
    __aeabi_uidiv                            0x0800058d   Thumb Code     0  uidiv.o(.text)
    __aeabi_uidivmod                         0x0800058d   Thumb Code    44  uidiv.o(.text)
    __aeabi_uldivmod                         0x080005b9   Thumb Code    98  uldiv.o(.text)
    __I$use$fp                               0x0800061b   Thumb Code     0  iusefp.o(.text)
    _float_round                             0x0800061b   Thumb Code    18  fepilogue.o(.text)
    _float_epilogue                          0x0800062d   Thumb Code    92  fepilogue.o(.text)
    _double_round                            0x08000689   Thumb Code    30  depilogue.o(.text)
    _double_epilogue                         0x080006a7   Thumb Code   156  depilogue.o(.text)
    __aeabi_dadd                             0x08000743   Thumb Code   322  dadd.o(.text)
    __aeabi_dsub                             0x08000885   Thumb Code     6  dadd.o(.text)
    __aeabi_drsub                            0x0800088b   Thumb Code     6  dadd.o(.text)
    __aeabi_d2ulz                            0x08000891   Thumb Code    48  dfixul.o(.text)
    __aeabi_cdrcmple                         0x080008c1   Thumb Code    48  cdrcmple.o(.text)
    __scatterload                            0x080008f1   Thumb Code    28  init.o(.text)
    __scatterload_rt2                        0x080008f1   Thumb Code     0  init.o(.text)
    __aeabi_llsl                             0x08000915   Thumb Code    30  llshl.o(.text)
    _ll_shift_l                              0x08000915   Thumb Code     0  llshl.o(.text)
    __aeabi_lasr                             0x08000933   Thumb Code    36  llsshr.o(.text)
    _ll_sshift_r                             0x08000933   Thumb Code     0  llsshr.o(.text)
    ADC_ConversionStop_Disable               0x08000959   Thumb Code    86  stm32f1xx_hal_adc.o(i.ADC_ConversionStop_Disable)
    ADC_Enable                               0x080009b1   Thumb Code   114  stm32f1xx_hal_adc.o(i.ADC_Enable)
    Assign_DataPin                           0x08000a2d   Thumb Code    22  dht11.o(i.Assign_DataPin)
    Assign_delayUsPara                       0x08000a4d   Thumb Code    10  dht11.o(i.Assign_delayUsPara)
    Authenticate                             0x08000a5d   Thumb Code   288  esp8266.o(i.Authenticate)
    BH1750_RecvACK                           0x08000bc5   Thumb Code   102  bh1750.o(i.BH1750_RecvACK)
    BH1750_RecvByte                          0x08000c35   Thumb Code   126  bh1750.o(i.BH1750_RecvByte)
    BH1750_SendACK                           0x08000cb9   Thumb Code    86  bh1750.o(i.BH1750_SendACK)
    BH1750_SendByte                          0x08000d15   Thumb Code    86  bh1750.o(i.BH1750_SendByte)
    BH1750_Start                             0x08000d71   Thumb Code    64  bh1750.o(i.BH1750_Start)
    BH1750_Stop                              0x08000db5   Thumb Code    54  bh1750.o(i.BH1750_Stop)
    BusFault_Handler                         0x08000df1   Thumb Code     2  stm32f1xx_it.o(i.BusFault_Handler)
    CmdAnalyz                                0x08000df5   Thumb Code   298  esp8266.o(i.CmdAnalyz)
    CmdAnalyzCallback                        0x08000f41   Thumb Code   340  main.o(i.CmdAnalyzCallback)
    DHT11_Check                              0x08001245   Thumb Code   120  dht11.o(i.DHT11_Check)
    DHT11_Init                               0x080012c5   Thumb Code   148  dht11.o(i.DHT11_Init)
    DHT11_Read_Bit                           0x0800136d   Thumb Code    92  dht11.o(i.DHT11_Read_Bit)
    DHT11_Read_Byte                          0x080013cd   Thumb Code    26  dht11.o(i.DHT11_Read_Byte)
    DHT11_Read_Data                          0x080013e9   Thumb Code    90  dht11.o(i.DHT11_Read_Data)
    DHT11_Rst                                0x08001445   Thumb Code    60  dht11.o(i.DHT11_Rst)
    DebugMon_Handler                         0x08001489   Thumb Code     2  stm32f1xx_it.o(i.DebugMon_Handler)
    Delay_mms                                0x0800148b   Thumb Code    22  bh1750.o(i.Delay_mms)
    ESP8266_Clear                            0x080014a1   Thumb Code    18  esp8266.o(i.ESP8266_Clear)
    ESP8266_Init                             0x080014bd   Thumb Code   396  esp8266.o(i.ESP8266_Init)
    ESP8266_SendCmd                          0x0800170d   Thumb Code    74  esp8266.o(i.ESP8266_SendCmd)
    ESP8266_SendData                         0x0800175d   Thumb Code    98  esp8266.o(i.ESP8266_SendData)
    Error_Handler                            0x080017e5   Thumb Code     4  main.o(i.Error_Handler)
    GetSubscribeMsgCallback                  0x080017e9   Thumb Code    30  main.o(i.GetSubscribeMsgCallback)
    HAL_ADCEx_Calibration_Start              0x08001815   Thumb Code   210  stm32f1xx_hal_adc_ex.o(i.HAL_ADCEx_Calibration_Start)
    HAL_ADC_ConfigChannel                    0x080018ed   Thumb Code   240  stm32f1xx_hal_adc.o(i.HAL_ADC_ConfigChannel)
    HAL_ADC_GetValue                         0x080019e9   Thumb Code     6  stm32f1xx_hal_adc.o(i.HAL_ADC_GetValue)
    HAL_ADC_Init                             0x080019f1   Thumb Code   272  stm32f1xx_hal_adc.o(i.HAL_ADC_Init)
    HAL_ADC_MspInit                          0x08001b0d   Thumb Code    88  adc.o(i.HAL_ADC_MspInit)
    HAL_ADC_PollForConversion                0x08001b71   Thumb Code   304  stm32f1xx_hal_adc.o(i.HAL_ADC_PollForConversion)
    HAL_ADC_Start                            0x08001cad   Thumb Code   184  stm32f1xx_hal_adc.o(i.HAL_ADC_Start)
    HAL_DMA_Abort                            0x08001d6d   Thumb Code    70  stm32f1xx_hal_dma.o(i.HAL_DMA_Abort)
    HAL_DMA_Abort_IT                         0x08001db5   Thumb Code   148  stm32f1xx_hal_dma.o(i.HAL_DMA_Abort_IT)
    HAL_Delay                                0x08001e4d   Thumb Code    32  stm32f1xx_hal.o(i.HAL_Delay)
    HAL_GPIO_Init                            0x08001e71   Thumb Code   446  stm32f1xx_hal_gpio.o(i.HAL_GPIO_Init)
    HAL_GPIO_ReadPin                         0x08002051   Thumb Code    10  stm32f1xx_hal_gpio.o(i.HAL_GPIO_ReadPin)
    HAL_GPIO_TogglePin                       0x0800205b   Thumb Code    16  stm32f1xx_hal_gpio.o(i.HAL_GPIO_TogglePin)
    HAL_GPIO_WritePin                        0x0800206b   Thumb Code    10  stm32f1xx_hal_gpio.o(i.HAL_GPIO_WritePin)
    HAL_GetTick                              0x08002075   Thumb Code     6  stm32f1xx_hal.o(i.HAL_GetTick)
    HAL_IncTick                              0x08002081   Thumb Code    12  stm32f1xx_hal.o(i.HAL_IncTick)
    HAL_Init                                 0x08002091   Thumb Code    32  stm32f1xx_hal.o(i.HAL_Init)
    HAL_InitTick                             0x080020b5   Thumb Code    54  stm32f1xx_hal.o(i.HAL_InitTick)
    HAL_MspInit                              0x080020f5   Thumb Code    52  stm32f1xx_hal_msp.o(i.HAL_MspInit)
    HAL_NVIC_EnableIRQ                       0x08002131   Thumb Code    26  stm32f1xx_hal_cortex.o(i.HAL_NVIC_EnableIRQ)
    HAL_NVIC_SetPriority                     0x0800214d   Thumb Code    60  stm32f1xx_hal_cortex.o(i.HAL_NVIC_SetPriority)
    HAL_NVIC_SetPriorityGrouping             0x0800218d   Thumb Code    26  stm32f1xx_hal_cortex.o(i.HAL_NVIC_SetPriorityGrouping)
    HAL_NVIC_SystemReset                     0x080021b1   Thumb Code    26  stm32f1xx_hal_cortex.o(i.HAL_NVIC_SystemReset)
    HAL_RCCEx_GetPeriphCLKFreq               0x080021d5   Thumb Code   166  stm32f1xx_hal_rcc_ex.o(i.HAL_RCCEx_GetPeriphCLKFreq)
    HAL_RCCEx_PeriphCLKConfig                0x0800229d   Thumb Code   224  stm32f1xx_hal_rcc_ex.o(i.HAL_RCCEx_PeriphCLKConfig)
    HAL_RCC_ClockConfig                      0x08002389   Thumb Code   280  stm32f1xx_hal_rcc.o(i.HAL_RCC_ClockConfig)
    HAL_RCC_GetPCLK1Freq                     0x080024b5   Thumb Code    20  stm32f1xx_hal_rcc.o(i.HAL_RCC_GetPCLK1Freq)
    HAL_RCC_GetPCLK2Freq                     0x080024d5   Thumb Code    20  stm32f1xx_hal_rcc.o(i.HAL_RCC_GetPCLK2Freq)
    HAL_RCC_GetSysClockFreq                  0x080024f5   Thumb Code    74  stm32f1xx_hal_rcc.o(i.HAL_RCC_GetSysClockFreq)
    HAL_RCC_OscConfig                        0x08002561   Thumb Code   778  stm32f1xx_hal_rcc.o(i.HAL_RCC_OscConfig)
    HAL_SYSTICK_Config                       0x08002881   Thumb Code    40  stm32f1xx_hal_cortex.o(i.HAL_SYSTICK_Config)
    HAL_UARTEx_RxEventCallback               0x080028a9   Thumb Code     2  stm32f1xx_hal_uart.o(i.HAL_UARTEx_RxEventCallback)
    HAL_UART_ErrorCallback                   0x080028ab   Thumb Code     2  stm32f1xx_hal_uart.o(i.HAL_UART_ErrorCallback)
    HAL_UART_IRQHandler                      0x080028ad   Thumb Code   520  stm32f1xx_hal_uart.o(i.HAL_UART_IRQHandler)
    HAL_UART_Init                            0x08002ab9   Thumb Code    98  stm32f1xx_hal_uart.o(i.HAL_UART_Init)
    HAL_UART_MspInit                         0x08002b1d   Thumb Code   198  usart.o(i.HAL_UART_MspInit)
    HAL_UART_RxCpltCallback                  0x08002bf5   Thumb Code     2  stm32f1xx_hal_uart.o(i.HAL_UART_RxCpltCallback)
    HAL_UART_Transmit                        0x08002bf9   Thumb Code   178  stm32f1xx_hal_uart.o(i.HAL_UART_Transmit)
    HAL_UART_TxCpltCallback                  0x08002cab   Thumb Code     2  stm32f1xx_hal_uart.o(i.HAL_UART_TxCpltCallback)
    HardFault_Handler                        0x08002cad   Thumb Code     2  stm32f1xx_it.o(i.HardFault_Handler)
    Init_BH1750                              0x08002caf   Thumb Code    26  bh1750.o(i.Init_BH1750)
    KeepAlive                                0x08002cc9   Thumb Code   130  esp8266.o(i.KeepAlive)
    MQ_init                                  0x08002d61   Thumb Code     4  mq3.o(i.MQ_init)
    MX_GPIO_Init                             0x08002d65   Thumb Code   156  gpio.o(i.MX_GPIO_Init)
    MX_USART1_UART_Init                      0x08002e0d   Thumb Code    48  usart.o(i.MX_USART1_UART_Init)
    MX_USART2_UART_Init                      0x08002e45   Thumb Code    48  usart.o(i.MX_USART2_UART_Init)
    MemManage_Handler                        0x08002e7d   Thumb Code     2  stm32f1xx_it.o(i.MemManage_Handler)
    NMI_Handler                              0x08002e7f   Thumb Code     2  stm32f1xx_it.o(i.NMI_Handler)
    PendSV_Handler                           0x08002e81   Thumb Code     2  stm32f1xx_it.o(i.PendSV_Handler)
    Publish                                  0x08002e85   Thumb Code   186  esp8266.o(i.Publish)
    PublishMsg                               0x08002f4d   Thumb Code   254  main.o(i.PublishMsg)
    SVC_Handler                              0x08003089   Thumb Code     2  stm32f1xx_it.o(i.SVC_Handler)
    Single_Write_BH1750                      0x0800308b   Thumb Code    28  bh1750.o(i.Single_Write_BH1750)
    Subscribe                                0x080030a9   Thumb Code   230  esp8266.o(i.Subscribe)
    SysTick_Handler                          0x080031a5   Thumb Code     4  stm32f1xx_it.o(i.SysTick_Handler)
    SystemClock_Config                       0x080031a9   Thumb Code    94  main.o(i.SystemClock_Config)
    SystemInit                               0x08003207   Thumb Code     2  system_stm32f1xx.o(i.SystemInit)
    Test_DelayUs_Parameter                   0x08003209   Thumb Code    44  dht11.o(i.Test_DelayUs_Parameter)
    Transbuf_Clear                           0x08003235   Thumb Code    18  esp8266.o(i.Transbuf_Clear)
    USART1_IRQHandler                        0x08003465   Thumb Code     6  stm32f1xx_it.o(i.USART1_IRQHandler)
    USART2_IRQHandler                        0x08003471   Thumb Code     6  stm32f1xx_it.o(i.USART2_IRQHandler)
    USER_UART_IRQHandler                     0x0800347d   Thumb Code   112  main.o(i.USER_UART_IRQHandler)
    UartWifi_SendString                      0x080034fd   Thumb Code    14  esp8266.o(i.UartWifi_SendString)
    UsageFault_Handler                       0x08003511   Thumb Code     2  stm32f1xx_it.o(i.UsageFault_Handler)
    Value_GY30                               0x08003515   Thumb Code    58  bh1750.o(i.Value_GY30)
    __0printf                                0x08003559   Thumb Code    22  printfa.o(i.__0printf)
    __1printf                                0x08003559   Thumb Code     0  printfa.o(i.__0printf)
    __2printf                                0x08003559   Thumb Code     0  printfa.o(i.__0printf)
    __c89printf                              0x08003559   Thumb Code     0  printfa.o(i.__0printf)
    printf                                   0x08003559   Thumb Code     0  printfa.o(i.__0printf)
    __0sprintf                               0x08003579   Thumb Code    34  printfa.o(i.__0sprintf)
    __1sprintf                               0x08003579   Thumb Code     0  printfa.o(i.__0sprintf)
    __2sprintf                               0x08003579   Thumb Code     0  printfa.o(i.__0sprintf)
    __c89sprintf                             0x08003579   Thumb Code     0  printfa.o(i.__0sprintf)
    sprintf                                  0x08003579   Thumb Code     0  printfa.o(i.__0sprintf)
    __scatterload_copy                       0x080035c1   Thumb Code    14  handlers.o(i.__scatterload_copy)
    __scatterload_null                       0x080035cf   Thumb Code     2  handlers.o(i.__scatterload_null)
    __scatterload_zeroinit                   0x080035d1   Thumb Code    14  handlers.o(i.__scatterload_zeroinit)
    adc_get_result                           0x08003e7d   Thumb Code    26  adc.o(i.adc_get_result)
    adc_init                                 0x08003e9d   Thumb Code    56  adc.o(i.adc_init)
    delay_us                                 0x08003edd   Thumb Code   154  bh1750.o(i.delay_us)
    fputc                                    0x08003f79   Thumb Code    18  main.o(i.fputc)
    get_MQ_value                             0x08003f91   Thumb Code    54  mq3.o(i.get_MQ_value)
    main                                     0x08003fd1   Thumb Code   402  main.o(i.main)
    mread                                    0x08004301   Thumb Code    56  bh1750.o(i.mread)
    AHBPrescTable                            0x08004378   Data          16  system_stm32f1xx.o(.constdata)
    APBPrescTable                            0x08004388   Data           8  system_stm32f1xx.o(.constdata)
    Region$$Table$$Base                      0x080043e8   Number         0  anon$$obj.o(Region$$Table)
    Region$$Table$$Limit                     0x08004408   Number         0  anon$$obj.o(Region$$Table)
    LinkOK                                   0x20000000   Data           1  main.o(.data)
    u2rxFlag                                 0x20000001   Data           1  main.o(.data)
    temp                                     0x20000002   Data           1  main.o(.data)
    humi                                     0x20000003   Data           1  main.o(.data)
    timeTick                                 0x20000004   Data           4  main.o(.data)
    ill                                      0x20000008   Data           4  main.o(.data)
    mq3                                      0x2000000c   Data           4  main.o(.data)
    t                                        0x20000010   Data           5  main.o(.data)
    h                                        0x20000015   Data           5  main.o(.data)
    m                                        0x2000001a   Data           5  main.o(.data)
    i                                        0x2000001f   Data           5  main.o(.data)
    uwTickFreq                               0x20000024   Data           1  stm32f1xx_hal.o(.data)
    uwTickPrio                               0x20000028   Data           4  stm32f1xx_hal.o(.data)
    uwTick                                   0x2000002c   Data           4  stm32f1xx_hal.o(.data)
    SystemCoreClock                          0x20000030   Data           4  system_stm32f1xx.o(.data)
    esp8266_cnt                              0x20000034   Data           2  esp8266.o(.data)
    total_len                                0x20000036   Data           2  esp8266.o(.data)
    packetID                                 0x20000038   Data           2  esp8266.o(.data)
    RESET_PIN                                0x2000003a   Data           2  esp8266.o(.data)
    huartWifi                                0x2000003c   Data           4  esp8266.o(.data)
    ptrTrans                                 0x20000040   Data           4  esp8266.o(.data)
    GPIOx                                    0x20000044   Data           4  esp8266.o(.data)
    GPIO_X                                   0x20000048   Data           4  dht11.o(.data)
    GPIO_PIN                                 0x2000004c   Data           4  dht11.o(.data)
    delayUs                                  0x20000050   Data           6  dht11.o(.data)
    mcy                                      0x20000056   Data           1  bh1750.o(.data)
    BUF                                      0x20000057   Data           3  bh1750.o(.data)
    __stdout                                 0x2000005c   Data           4  stdout.o(.data)
    userSensorList                           0x20000060   Data         150  main.o(.bss)
    publishTopic                             0x200000f6   Data          60  main.o(.bss)
    huart1                                   0x20000134   Data          68  usart.o(.bss)
    huart2                                   0x20000178   Data          68  usart.o(.bss)
    Topic                                    0x200001bc   Data          60  esp8266.o(.bss)
    cmdStr                                   0x200001f8   Data         100  esp8266.o(.bss)
    esp8266_buf                              0x2000025c   Data         200  esp8266.o(.bss)
    trans_buf                                0x20000324   Data         200  esp8266.o(.bss)
    cmdBuf                                   0x200003ec   Data          32  esp8266.o(.bss)
    cmdAckStr                                0x2000040c   Data         100  esp8266.o(.bss)
    GPIO_InitStructure                       0x20000470   Data          16  dht11.o(.bss)
    g_adc_handle                             0x20000480   Data          48  adc.o(.bss)
    __initial_sp                             0x200008b0   Data           0  startup_stm32f103xb.o(STACK)



==============================================================================

Memory Map of the image

  Image Entry point : 0x080000ed

  Load Region LR_IROM1 (Base: 0x08000000, Size: 0x00004468, Max: 0x00010000, ABSOLUTE)

    Execution Region ER_IROM1 (Base: 0x08000000, Size: 0x00004408, Max: 0x00010000, ABSOLUTE)

    Base Addr    Size         Type   Attr      Idx    E Section Name        Object

    0x08000000   0x000000ec   Data   RO            3    RESET               startup_stm32f103xb.o
    0x080000ec   0x00000000   Code   RO         3417  * .ARM.Collect$$$$00000000  mc_w.l(entry.o)
    0x080000ec   0x00000004   Code   RO         3715    .ARM.Collect$$$$00000001  mc_w.l(entry2.o)
    0x080000f0   0x00000004   Code   RO         3718    .ARM.Collect$$$$00000004  mc_w.l(entry5.o)
    0x080000f4   0x00000000   Code   RO         3720    .ARM.Collect$$$$00000008  mc_w.l(entry7b.o)
    0x080000f4   0x00000000   Code   RO         3722    .ARM.Collect$$$$0000000A  mc_w.l(entry8b.o)
    0x080000f4   0x00000008   Code   RO         3723    .ARM.Collect$$$$0000000B  mc_w.l(entry9a.o)
    0x080000fc   0x00000000   Code   RO         3725    .ARM.Collect$$$$0000000D  mc_w.l(entry10a.o)
    0x080000fc   0x00000000   Code   RO         3727    .ARM.Collect$$$$0000000F  mc_w.l(entry11a.o)
    0x080000fc   0x00000004   Code   RO         3716    .ARM.Collect$$$$00002712  mc_w.l(entry2.o)
    0x08000100   0x00000024   Code   RO            4    .text               startup_stm32f103xb.o
    0x08000124   0x00000020   Code   RO         3420    .text               mc_w.l(llushr.o)
    0x08000144   0x00000024   Code   RO         3422    .text               mc_w.l(memcpya.o)
    0x08000168   0x00000024   Code   RO         3424    .text               mc_w.l(memseta.o)
    0x0800018c   0x00000024   Code   RO         3426    .text               mc_w.l(strstr.o)
    0x080001b0   0x0000000e   Code   RO         3428    .text               mc_w.l(strlen.o)
    0x080001be   0x0000001c   Code   RO         3430    .text               mc_w.l(strcmp.o)
    0x080001da   0x000000b0   Code   RO         3695    .text               mf_w.l(fadd.o)
    0x0800028a   0x00000064   Code   RO         3697    .text               mf_w.l(fmul.o)
    0x080002ee   0x000000e4   Code   RO         3699    .text               mf_w.l(dmul.o)
    0x080003d2   0x000000de   Code   RO         3701    .text               mf_w.l(ddiv.o)
    0x080004b0   0x0000000a   Code   RO         3703    .text               mf_w.l(ffltui.o)
    0x080004ba   0x0000001a   Code   RO         3705    .text               mf_w.l(dfltui.o)
    0x080004d4   0x00000028   Code   RO         3707    .text               mf_w.l(ffixui.o)
    0x080004fc   0x00000032   Code   RO         3709    .text               mf_w.l(dfixui.o)
    0x0800052e   0x00000026   Code   RO         3711    .text               mf_w.l(f2d.o)
    0x08000554   0x00000038   Code   RO         3713    .text               mf_w.l(d2f.o)
    0x0800058c   0x0000002c   Code   RO         3730    .text               mc_w.l(uidiv.o)
    0x080005b8   0x00000062   Code   RO         3732    .text               mc_w.l(uldiv.o)
    0x0800061a   0x00000000   Code   RO         3734    .text               mc_w.l(iusefp.o)
    0x0800061a   0x0000006e   Code   RO         3735    .text               mf_w.l(fepilogue.o)
    0x08000688   0x000000ba   Code   RO         3737    .text               mf_w.l(depilogue.o)
    0x08000742   0x0000014e   Code   RO         3739    .text               mf_w.l(dadd.o)
    0x08000890   0x00000030   Code   RO         3741    .text               mf_w.l(dfixul.o)
    0x080008c0   0x00000030   Code   RO         3743    .text               mf_w.l(cdrcmple.o)
    0x080008f0   0x00000024   Code   RO         3745    .text               mc_w.l(init.o)
    0x08000914   0x0000001e   Code   RO         3747    .text               mc_w.l(llshl.o)
    0x08000932   0x00000024   Code   RO         3749    .text               mc_w.l(llsshr.o)
    0x08000956   0x00000002   PAD
    0x08000958   0x00000056   Code   RO         1896    i.ADC_ConversionStop_Disable  stm32f1xx_hal_adc.o
    0x080009ae   0x00000002   PAD
    0x080009b0   0x0000007c   Code   RO         1900    i.ADC_Enable        stm32f1xx_hal_adc.o
    0x08000a2c   0x00000020   Code   RO         3077    i.Assign_DataPin    dht11.o
    0x08000a4c   0x00000010   Code   RO         3078    i.Assign_delayUsPara  dht11.o
    0x08000a5c   0x00000168   Code   RO         2964    i.Authenticate      esp8266.o
    0x08000bc4   0x00000070   Code   RO         3153    i.BH1750_RecvACK    bh1750.o
    0x08000c34   0x00000084   Code   RO         3154    i.BH1750_RecvByte   bh1750.o
    0x08000cb8   0x0000005c   Code   RO         3155    i.BH1750_SendACK    bh1750.o
    0x08000d14   0x0000005c   Code   RO         3156    i.BH1750_SendByte   bh1750.o
    0x08000d70   0x00000044   Code   RO         3157    i.BH1750_Start      bh1750.o
    0x08000db4   0x0000003c   Code   RO         3158    i.BH1750_Stop       bh1750.o
    0x08000df0   0x00000002   Code   RO          296    i.BusFault_Handler  stm32f1xx_it.o
    0x08000df2   0x00000002   PAD
    0x08000df4   0x0000014c   Code   RO         2965    i.CmdAnalyz         esp8266.o
    0x08000f40   0x00000304   Code   RO           13    i.CmdAnalyzCallback  main.o
    0x08001244   0x00000080   Code   RO         3079    i.DHT11_Check       dht11.o
    0x080012c4   0x000000a8   Code   RO         3080    i.DHT11_Init        dht11.o
    0x0800136c   0x00000060   Code   RO         3081    i.DHT11_Read_Bit    dht11.o
    0x080013cc   0x0000001a   Code   RO         3082    i.DHT11_Read_Byte   dht11.o
    0x080013e6   0x00000002   PAD
    0x080013e8   0x0000005a   Code   RO         3083    i.DHT11_Read_Data   dht11.o
    0x08001442   0x00000002   PAD
    0x08001444   0x00000044   Code   RO         3084    i.DHT11_Rst         dht11.o
    0x08001488   0x00000002   Code   RO          297    i.DebugMon_Handler  stm32f1xx_it.o
    0x0800148a   0x00000016   Code   RO         3159    i.Delay_mms         bh1750.o
    0x080014a0   0x0000001c   Code   RO         2968    i.ESP8266_Clear     esp8266.o
    0x080014bc   0x00000250   Code   RO         2969    i.ESP8266_Init      esp8266.o
    0x0800170c   0x00000050   Code   RO         2970    i.ESP8266_SendCmd   esp8266.o
    0x0800175c   0x00000088   Code   RO         2971    i.ESP8266_SendData  esp8266.o
    0x080017e4   0x00000004   Code   RO           14    i.Error_Handler     main.o
    0x080017e8   0x0000002c   Code   RO           15    i.GetSubscribeMsgCallback  main.o
    0x08001814   0x000000d8   Code   RO         2076    i.HAL_ADCEx_Calibration_Start  stm32f1xx_hal_adc_ex.o
    0x080018ec   0x000000fc   Code   RO         1902    i.HAL_ADC_ConfigChannel  stm32f1xx_hal_adc.o
    0x080019e8   0x00000006   Code   RO         1909    i.HAL_ADC_GetValue  stm32f1xx_hal_adc.o
    0x080019ee   0x00000002   PAD
    0x080019f0   0x0000011c   Code   RO         1911    i.HAL_ADC_Init      stm32f1xx_hal_adc.o
    0x08001b0c   0x00000064   Code   RO         3245    i.HAL_ADC_MspInit   adc.o
    0x08001b70   0x0000013c   Code   RO         1915    i.HAL_ADC_PollForConversion  stm32f1xx_hal_adc.o
    0x08001cac   0x000000c0   Code   RO         1917    i.HAL_ADC_Start     stm32f1xx_hal_adc.o
    0x08001d6c   0x00000046   Code   RO         1300    i.HAL_DMA_Abort     stm32f1xx_hal_dma.o
    0x08001db2   0x00000002   PAD
    0x08001db4   0x00000098   Code   RO         1301    i.HAL_DMA_Abort_IT  stm32f1xx_hal_dma.o
    0x08001e4c   0x00000024   Code   RO          928    i.HAL_Delay         stm32f1xx_hal.o
    0x08001e70   0x000001e0   Code   RO         1236    i.HAL_GPIO_Init     stm32f1xx_hal_gpio.o
    0x08002050   0x0000000a   Code   RO         1238    i.HAL_GPIO_ReadPin  stm32f1xx_hal_gpio.o
    0x0800205a   0x00000010   Code   RO         1239    i.HAL_GPIO_TogglePin  stm32f1xx_hal_gpio.o
    0x0800206a   0x0000000a   Code   RO         1240    i.HAL_GPIO_WritePin  stm32f1xx_hal_gpio.o
    0x08002074   0x0000000c   Code   RO          932    i.HAL_GetTick       stm32f1xx_hal.o
    0x08002080   0x00000010   Code   RO          938    i.HAL_IncTick       stm32f1xx_hal.o
    0x08002090   0x00000024   Code   RO          939    i.HAL_Init          stm32f1xx_hal.o
    0x080020b4   0x00000040   Code   RO          940    i.HAL_InitTick      stm32f1xx_hal.o
    0x080020f4   0x0000003c   Code   RO          384    i.HAL_MspInit       stm32f1xx_hal_msp.o
    0x08002130   0x0000001a   Code   RO         1396    i.HAL_NVIC_EnableIRQ  stm32f1xx_hal_cortex.o
    0x0800214a   0x00000002   PAD
    0x0800214c   0x00000040   Code   RO         1402    i.HAL_NVIC_SetPriority  stm32f1xx_hal_cortex.o
    0x0800218c   0x00000024   Code   RO         1403    i.HAL_NVIC_SetPriorityGrouping  stm32f1xx_hal_cortex.o
    0x080021b0   0x00000024   Code   RO         1404    i.HAL_NVIC_SystemReset  stm32f1xx_hal_cortex.o
    0x080021d4   0x000000c8   Code   RO         1198    i.HAL_RCCEx_GetPeriphCLKFreq  stm32f1xx_hal_rcc_ex.o
    0x0800229c   0x000000ec   Code   RO         1199    i.HAL_RCCEx_PeriphCLKConfig  stm32f1xx_hal_rcc_ex.o
    0x08002388   0x0000012c   Code   RO         1096    i.HAL_RCC_ClockConfig  stm32f1xx_hal_rcc.o
    0x080024b4   0x00000020   Code   RO         1103    i.HAL_RCC_GetPCLK1Freq  stm32f1xx_hal_rcc.o
    0x080024d4   0x00000020   Code   RO         1104    i.HAL_RCC_GetPCLK2Freq  stm32f1xx_hal_rcc.o
    0x080024f4   0x0000006c   Code   RO         1105    i.HAL_RCC_GetSysClockFreq  stm32f1xx_hal_rcc.o
    0x08002560   0x00000320   Code   RO         1108    i.HAL_RCC_OscConfig  stm32f1xx_hal_rcc.o
    0x08002880   0x00000028   Code   RO         1407    i.HAL_SYSTICK_Config  stm32f1xx_hal_cortex.o
    0x080028a8   0x00000002   Code   RO          575    i.HAL_UARTEx_RxEventCallback  stm32f1xx_hal_uart.o
    0x080028aa   0x00000002   Code   RO          589    i.HAL_UART_ErrorCallback  stm32f1xx_hal_uart.o
    0x080028ac   0x0000020c   Code   RO          592    i.HAL_UART_IRQHandler  stm32f1xx_hal_uart.o
    0x08002ab8   0x00000062   Code   RO          593    i.HAL_UART_Init     stm32f1xx_hal_uart.o
    0x08002b1a   0x00000002   PAD
    0x08002b1c   0x000000d8   Code   RO          249    i.HAL_UART_MspInit  usart.o
    0x08002bf4   0x00000002   Code   RO          599    i.HAL_UART_RxCpltCallback  stm32f1xx_hal_uart.o
    0x08002bf6   0x00000002   PAD
    0x08002bf8   0x000000b2   Code   RO          601    i.HAL_UART_Transmit  stm32f1xx_hal_uart.o
    0x08002caa   0x00000002   Code   RO          604    i.HAL_UART_TxCpltCallback  stm32f1xx_hal_uart.o
    0x08002cac   0x00000002   Code   RO          298    i.HardFault_Handler  stm32f1xx_it.o
    0x08002cae   0x0000001a   Code   RO         3160    i.Init_BH1750       bh1750.o
    0x08002cc8   0x00000098   Code   RO         2973    i.KeepAlive         esp8266.o
    0x08002d60   0x00000004   Code   RO         3284    i.MQ_init           mq3.o
    0x08002d64   0x000000a8   Code   RO          224    i.MX_GPIO_Init      gpio.o
    0x08002e0c   0x00000038   Code   RO          250    i.MX_USART1_UART_Init  usart.o
    0x08002e44   0x00000038   Code   RO          251    i.MX_USART2_UART_Init  usart.o
    0x08002e7c   0x00000002   Code   RO          299    i.MemManage_Handler  stm32f1xx_it.o
    0x08002e7e   0x00000002   Code   RO          300    i.NMI_Handler       stm32f1xx_it.o
    0x08002e80   0x00000002   Code   RO          301    i.PendSV_Handler    stm32f1xx_it.o
    0x08002e82   0x00000002   PAD
    0x08002e84   0x000000c8   Code   RO         2974    i.Publish           esp8266.o
    0x08002f4c   0x0000013c   Code   RO           16    i.PublishMsg        main.o
    0x08003088   0x00000002   Code   RO          302    i.SVC_Handler       stm32f1xx_it.o
    0x0800308a   0x0000001c   Code   RO         3161    i.Single_Write_BH1750  bh1750.o
    0x080030a6   0x00000002   PAD
    0x080030a8   0x000000fc   Code   RO         2975    i.Subscribe         esp8266.o
    0x080031a4   0x00000004   Code   RO          303    i.SysTick_Handler   stm32f1xx_it.o
    0x080031a8   0x0000005e   Code   RO           17    i.SystemClock_Config  main.o
    0x08003206   0x00000002   Code   RO         2927    i.SystemInit        system_stm32f1xx.o
    0x08003208   0x0000002c   Code   RO         3085    i.Test_DelayUs_Parameter  dht11.o
    0x08003234   0x0000001c   Code   RO         2976    i.Transbuf_Clear    esp8266.o
    0x08003250   0x00000010   Code   RO          606    i.UART_DMAAbortOnError  stm32f1xx_hal_uart.o
    0x08003260   0x00000030   Code   RO          616    i.UART_EndRxTransfer  stm32f1xx_hal_uart.o
    0x08003290   0x000000b6   Code   RO          618    i.UART_Receive_IT   stm32f1xx_hal_uart.o
    0x08003346   0x00000002   PAD
    0x08003348   0x000000b8   Code   RO          619    i.UART_SetConfig    stm32f1xx_hal_uart.o
    0x08003400   0x00000064   Code   RO          622    i.UART_WaitOnFlagUntilTimeout  stm32f1xx_hal_uart.o
    0x08003464   0x0000000c   Code   RO          304    i.USART1_IRQHandler  stm32f1xx_it.o
    0x08003470   0x0000000c   Code   RO          305    i.USART2_IRQHandler  stm32f1xx_it.o
    0x0800347c   0x00000080   Code   RO           18    i.USER_UART_IRQHandler  main.o
    0x080034fc   0x00000014   Code   RO         2977    i.UartWifi_SendString  esp8266.o
    0x08003510   0x00000002   Code   RO          306    i.UsageFault_Handler  stm32f1xx_it.o
    0x08003512   0x00000002   PAD
    0x08003514   0x00000044   Code   RO         3162    i.Value_GY30        bh1750.o
    0x08003558   0x00000020   Code   RO         3667    i.__0printf         mc_w.l(printfa.o)
    0x08003578   0x00000028   Code   RO         3669    i.__0sprintf        mc_w.l(printfa.o)
    0x080035a0   0x00000020   Code   RO         1409    i.__NVIC_SetPriority  stm32f1xx_hal_cortex.o
    0x080035c0   0x0000000e   Code   RO         3753    i.__scatterload_copy  mc_w.l(handlers.o)
    0x080035ce   0x00000002   Code   RO         3754    i.__scatterload_null  mc_w.l(handlers.o)
    0x080035d0   0x0000000e   Code   RO         3755    i.__scatterload_zeroinit  mc_w.l(handlers.o)
    0x080035de   0x00000002   PAD
    0x080035e0   0x00000164   Code   RO         3674    i._fp_digits        mc_w.l(printfa.o)
    0x08003744   0x000006dc   Code   RO         3675    i._printf_core      mc_w.l(printfa.o)
    0x08003e20   0x00000024   Code   RO         3676    i._printf_post_padding  mc_w.l(printfa.o)
    0x08003e44   0x0000002e   Code   RO         3677    i._printf_pre_padding  mc_w.l(printfa.o)
    0x08003e72   0x0000000a   Code   RO         3679    i._sputc            mc_w.l(printfa.o)
    0x08003e7c   0x00000020   Code   RO         3246    i.adc_get_result    adc.o
    0x08003e9c   0x00000040   Code   RO         3247    i.adc_init          adc.o
    0x08003edc   0x0000009a   Code   RO         3163    i.delay_us          bh1750.o
    0x08003f76   0x00000002   PAD
    0x08003f78   0x00000018   Code   RO           19    i.fputc             main.o
    0x08003f90   0x00000040   Code   RO         3285    i.get_MQ_value      mq3.o
    0x08003fd0   0x00000330   Code   RO           20    i.main              main.o
    0x08004300   0x0000003c   Code   RO         3164    i.mread             bh1750.o
    0x0800433c   0x0000003c   Data   RO           23    .constdata          main.o
    0x08004378   0x00000010   Data   RO         2928    .constdata          system_stm32f1xx.o
    0x08004388   0x00000008   Data   RO         2929    .constdata          system_stm32f1xx.o
    0x08004390   0x00000057   Data   RO           24    .conststring        main.o
    0x080043e7   0x00000001   PAD
    0x080043e8   0x00000020   Data   RO         3751    Region$$Table       anon$$obj.o


    Execution Region RW_IRAM1 (Base: 0x20000000, Size: 0x000008b0, Max: 0x00005000, ABSOLUTE)

    Base Addr    Size         Type   Attr      Idx    E Section Name        Object

    0x20000000   0x00000024   Data   RW           25    .data               main.o
    0x20000024   0x0000000c   Data   RW          946    .data               stm32f1xx_hal.o
    0x20000030   0x00000004   Data   RW         2930    .data               system_stm32f1xx.o
    0x20000034   0x00000014   Data   RW         2980    .data               esp8266.o
    0x20000048   0x0000000e   Data   RW         3087    .data               dht11.o
    0x20000056   0x00000004   Data   RW         3165    .data               bh1750.o
    0x2000005a   0x00000002   PAD
    0x2000005c   0x00000004   Data   RW         3729    .data               mc_w.l(stdout.o)
    0x20000060   0x000000d2   Zero   RW           22    .bss                main.o
    0x20000132   0x00000002   PAD
    0x20000134   0x00000088   Zero   RW          252    .bss                usart.o
    0x200001bc   0x000002b4   Zero   RW         2979    .bss                esp8266.o
    0x20000470   0x00000010   Zero   RW         3086    .bss                dht11.o
    0x20000480   0x00000030   Zero   RW         3248    .bss                adc.o
    0x200004b0   0x00000400   Zero   RW            1    STACK               startup_stm32f103xb.o


==============================================================================

Image component sizes


      Code (inc. data)   RO Data    RW Data    ZI Data      Debug   Object Name

       196         26          0          0         48       2337   adc.o
       914         52          0          4          0       7575   bh1750.o
       668         56          0         14         16       6196   dht11.o
      2180        436          0         20        692       9156   esp8266.o
       168         12          0          0          0       1015   gpio.o
      2198        950        147         36        210     422392   main.o
        68         10          0          0          0        961   mq3.o
        36          8        236          0       1024        832   startup_stm32f103xb.o
       164         28          0         12          0       6133   stm32f1xx_hal.o
      1260         54          0          0          0       6172   stm32f1xx_hal_adc.o
       216          6          0          0          0       1458   stm32f1xx_hal_adc_ex.o
       234         24          0          0          0      29438   stm32f1xx_hal_cortex.o
       222          4          0          0          0       1795   stm32f1xx_hal_dma.o
       516         34          0          0          0       3872   stm32f1xx_hal_gpio.o
        60          8          0          0          0        922   stm32f1xx_hal_msp.o
      1272        100          0          0          0       5176   stm32f1xx_hal_rcc.o
       436         46          0          0          0       2493   stm32f1xx_hal_rcc_ex.o
      1338         10          0          0          0       9180   stm32f1xx_hal_uart.o
        44         12          0          0          0       5070   stm32f1xx_it.o
         2          0         24          4          0       1207   system_stm32f1xx.o
       328         34          0          0        136       2495   usart.o

    ----------------------------------------------------------------------
     12548       1910        440         92       2128     525875   Object Totals
         0          0         32          0          0          0   (incl. Generated)
        28          0          1          2          2          0   (incl. Padding)

    ----------------------------------------------------------------------

      Code (inc. data)   RO Data    RW Data    ZI Data      Debug   Library Member Name

         0          0          0          0          0          0   entry.o
         0          0          0          0          0          0   entry10a.o
         0          0          0          0          0          0   entry11a.o
         8          4          0          0          0          0   entry2.o
         4          0          0          0          0          0   entry5.o
         0          0          0          0          0          0   entry7b.o
         0          0          0          0          0          0   entry8b.o
         8          4          0          0          0          0   entry9a.o
        30          0          0          0          0          0   handlers.o
        36          8          0          0          0         68   init.o
         0          0          0          0          0          0   iusefp.o
        30          0          0          0          0         68   llshl.o
        36          0          0          0          0         68   llsshr.o
        32          0          0          0          0         68   llushr.o
        36          0          0          0          0         68   memcpya.o
        36          0          0          0          0        108   memseta.o
      2276         96          0          0          0        596   printfa.o
         0          0          0          4          0          0   stdout.o
        28          0          0          0          0         76   strcmp.o
        14          0          0          0          0         68   strlen.o
        36          0          0          0          0         80   strstr.o
        44          0          0          0          0         80   uidiv.o
        98          0          0          0          0         92   uldiv.o
        48          0          0          0          0         68   cdrcmple.o
        56          0          0          0          0         88   d2f.o
       334          0          0          0          0        148   dadd.o
       222          0          0          0          0        100   ddiv.o
       186          0          0          0          0        176   depilogue.o
        50          0          0          0          0         76   dfixui.o
        48          0          0          0          0         68   dfixul.o
        26          0          0          0          0         76   dfltui.o
       228          0          0          0          0         96   dmul.o
        38          0          0          0          0         68   f2d.o
       176          0          0          0          0        140   fadd.o
       110          0          0          0          0        168   fepilogue.o
        40          0          0          0          0         68   ffixui.o
        10          0          0          0          0         68   ffltui.o
       100          0          0          0          0         76   fmul.o

    ----------------------------------------------------------------------
      4428        112          0          4          0       2924   Library Totals
         4          0          0          0          0          0   (incl. Padding)

    ----------------------------------------------------------------------

      Code (inc. data)   RO Data    RW Data    ZI Data      Debug   Library Name

      2752        112          0          4          0       1440   mc_w.l
      1672          0          0          0          0       1484   mf_w.l

    ----------------------------------------------------------------------
      4428        112          0          4          0       2924   Library Totals

    ----------------------------------------------------------------------

==============================================================================


      Code (inc. data)   RO Data    RW Data    ZI Data      Debug   

     16976       2022        440         96       2128     522035   Grand Totals
     16976       2022        440         96       2128     522035   ELF Image Totals
     16976       2022        440         96          0          0   ROM Totals

==============================================================================

    Total RO  Size (Code + RO Data)                17416 (  17.01kB)
    Total RW  Size (RW Data + ZI Data)              2224 (   2.17kB)
    Total ROM Size (Code + RO Data + RW Data)      17512 (  17.10kB)

==============================================================================

